../Core/Src/main.c:61:6:SpeedGauge	56	static
../Core/Src/main.c:72:6:SpeedNum	56	static
../Core/Src/main.c:80:6:FuelGauge	56	static
../Core/Src/main.c:90:6:FuelNum	56	static
../Core/Src/main.c:98:6:TotalVoltNum	56	static
../Core/Src/main.c:106:6:TotalCurrentNum	56	static
../Core/Src/main.c:114:6:MaxTempNum	56	static
../Core/Src/main.c:122:6:MinTempNum	56	static
../Core/Src/main.c:130:6:MaxVoltNum	56	static
../Core/Src/main.c:138:6:MinVoltNum	56	static
../Core/Src/main.c:146:6:Phase1Num	56	static
../Core/Src/main.c:154:6:Phase2Num	56	static
../Core/Src/main.c:162:6:Phase3Num	56	static
../Core/Src/main.c:170:6:Cell1Num1Num	56	static
../Core/Src/main.c:178:6:Cell1Num2Num	56	static
../Core/Src/main.c:224:5:main	16	static
../Core/Src/main.c:308:6:SystemClock_Config	88	static
../Core/Src/main.c:354:13:MX_USART6_UART_Init	8	static
../Core/Src/main.c:387:13:MX_GPIO_Init	16	static
../Core/Src/main.c:404:6:Error_Handler	4	static,ignoring_inline_asm
