Archive member included to satisfy reference by file (symbol)

c:/st/stm32cubeide_1.9.0/stm32cubeide/plugins/com.st.stm32cube.ide.mcu.externaltools.gnu-tools-for-stm32.10.3-2021.10.win32_1.0.0.202111181127/tools/bin/../lib/gcc/arm-none-eabi/10.3.1/../../../../arm-none-eabi/lib/thumb/v7e-m+fp/hard\libc_nano.a(lib_a-errno.o)
                              ./Core/Src/syscalls.o (__errno)
c:/st/stm32cubeide_1.9.0/stm32cubeide/plugins/com.st.stm32cube.ide.mcu.externaltools.gnu-tools-for-stm32.10.3-2021.10.win32_1.0.0.202111181127/tools/bin/../lib/gcc/arm-none-eabi/10.3.1/../../../../arm-none-eabi/lib/thumb/v7e-m+fp/hard\libc_nano.a(lib_a-exit.o)
                              c:/st/stm32cubeide_1.9.0/stm32cubeide/plugins/com.st.stm32cube.ide.mcu.externaltools.gnu-tools-for-stm32.10.3-2021.10.win32_1.0.0.202111181127/tools/bin/../lib/gcc/arm-none-eabi/10.3.1/../../../../arm-none-eabi/lib/thumb/v7e-m+fp/hard/crt0.o (exit)
c:/st/stm32cubeide_1.9.0/stm32cubeide/plugins/com.st.stm32cube.ide.mcu.externaltools.gnu-tools-for-stm32.10.3-2021.10.win32_1.0.0.202111181127/tools/bin/../lib/gcc/arm-none-eabi/10.3.1/../../../../arm-none-eabi/lib/thumb/v7e-m+fp/hard\libc_nano.a(lib_a-impure.o)
                              c:/st/stm32cubeide_1.9.0/stm32cubeide/plugins/com.st.stm32cube.ide.mcu.externaltools.gnu-tools-for-stm32.10.3-2021.10.win32_1.0.0.202111181127/tools/bin/../lib/gcc/arm-none-eabi/10.3.1/../../../../arm-none-eabi/lib/thumb/v7e-m+fp/hard\libc_nano.a(lib_a-exit.o) (_global_impure_ptr)
c:/st/stm32cubeide_1.9.0/stm32cubeide/plugins/com.st.stm32cube.ide.mcu.externaltools.gnu-tools-for-stm32.10.3-2021.10.win32_1.0.0.202111181127/tools/bin/../lib/gcc/arm-none-eabi/10.3.1/../../../../arm-none-eabi/lib/thumb/v7e-m+fp/hard\libc_nano.a(lib_a-init.o)
                              c:/st/stm32cubeide_1.9.0/stm32cubeide/plugins/com.st.stm32cube.ide.mcu.externaltools.gnu-tools-for-stm32.10.3-2021.10.win32_1.0.0.202111181127/tools/bin/../lib/gcc/arm-none-eabi/10.3.1/../../../../arm-none-eabi/lib/thumb/v7e-m+fp/hard/crt0.o (__libc_init_array)
c:/st/stm32cubeide_1.9.0/stm32cubeide/plugins/com.st.stm32cube.ide.mcu.externaltools.gnu-tools-for-stm32.10.3-2021.10.win32_1.0.0.202111181127/tools/bin/../lib/gcc/arm-none-eabi/10.3.1/../../../../arm-none-eabi/lib/thumb/v7e-m+fp/hard\libc_nano.a(lib_a-memset.o)
                              c:/st/stm32cubeide_1.9.0/stm32cubeide/plugins/com.st.stm32cube.ide.mcu.externaltools.gnu-tools-for-stm32.10.3-2021.10.win32_1.0.0.202111181127/tools/bin/../lib/gcc/arm-none-eabi/10.3.1/../../../../arm-none-eabi/lib/thumb/v7e-m+fp/hard/crt0.o (memset)
c:/st/stm32cubeide_1.9.0/stm32cubeide/plugins/com.st.stm32cube.ide.mcu.externaltools.gnu-tools-for-stm32.10.3-2021.10.win32_1.0.0.202111181127/tools/bin/../lib/gcc/arm-none-eabi/10.3.1/../../../../arm-none-eabi/lib/thumb/v7e-m+fp/hard\libc_nano.a(lib_a-sprintf.o)
                              ./Core/Src/nextion.o (sprintf)
c:/st/stm32cubeide_1.9.0/stm32cubeide/plugins/com.st.stm32cube.ide.mcu.externaltools.gnu-tools-for-stm32.10.3-2021.10.win32_1.0.0.202111181127/tools/bin/../lib/gcc/arm-none-eabi/10.3.1/../../../../arm-none-eabi/lib/thumb/v7e-m+fp/hard\libc_nano.a(lib_a-nano-svfprintf.o)
                              c:/st/stm32cubeide_1.9.0/stm32cubeide/plugins/com.st.stm32cube.ide.mcu.externaltools.gnu-tools-for-stm32.10.3-2021.10.win32_1.0.0.202111181127/tools/bin/../lib/gcc/arm-none-eabi/10.3.1/../../../../arm-none-eabi/lib/thumb/v7e-m+fp/hard\libc_nano.a(lib_a-sprintf.o) (_svfprintf_r)
c:/st/stm32cubeide_1.9.0/stm32cubeide/plugins/com.st.stm32cube.ide.mcu.externaltools.gnu-tools-for-stm32.10.3-2021.10.win32_1.0.0.202111181127/tools/bin/../lib/gcc/arm-none-eabi/10.3.1/../../../../arm-none-eabi/lib/thumb/v7e-m+fp/hard\libc_nano.a(lib_a-nano-vfprintf_i.o)
                              c:/st/stm32cubeide_1.9.0/stm32cubeide/plugins/com.st.stm32cube.ide.mcu.externaltools.gnu-tools-for-stm32.10.3-2021.10.win32_1.0.0.202111181127/tools/bin/../lib/gcc/arm-none-eabi/10.3.1/../../../../arm-none-eabi/lib/thumb/v7e-m+fp/hard\libc_nano.a(lib_a-nano-svfprintf.o) (_printf_i)
c:/st/stm32cubeide_1.9.0/stm32cubeide/plugins/com.st.stm32cube.ide.mcu.externaltools.gnu-tools-for-stm32.10.3-2021.10.win32_1.0.0.202111181127/tools/bin/../lib/gcc/arm-none-eabi/10.3.1/../../../../arm-none-eabi/lib/thumb/v7e-m+fp/hard\libc_nano.a(lib_a-memchr.o)
                              c:/st/stm32cubeide_1.9.0/stm32cubeide/plugins/com.st.stm32cube.ide.mcu.externaltools.gnu-tools-for-stm32.10.3-2021.10.win32_1.0.0.202111181127/tools/bin/../lib/gcc/arm-none-eabi/10.3.1/../../../../arm-none-eabi/lib/thumb/v7e-m+fp/hard\libc_nano.a(lib_a-nano-svfprintf.o) (memchr)
c:/st/stm32cubeide_1.9.0/stm32cubeide/plugins/com.st.stm32cube.ide.mcu.externaltools.gnu-tools-for-stm32.10.3-2021.10.win32_1.0.0.202111181127/tools/bin/../lib/gcc/arm-none-eabi/10.3.1/../../../../arm-none-eabi/lib/thumb/v7e-m+fp/hard\libc_nano.a(lib_a-memcpy-stub.o)
[...]
Memory Configuration

Name             Origin             Length             Attributes
RAM              0x0000000020000000 0x0000000000020000 xrw
FLASH            0x0000000008000000 0x0000000000080000 xr
*default*        0x0000000000000000 0xffffffffffffffff

Linker script and memory map

LOAD c:/st/stm32cubeide_1.9.0/stm32cubeide/plugins/com.st.stm32cube.ide.mcu.externaltools.gnu-tools-for-stm32.10.3-2021.10.win32_1.0.0.202111181127/tools/bin/../lib/gcc/arm-none-eabi/10.3.1/thumb/v7e-m+fp/hard/crti.o
LOAD c:/st/stm32cubeide_1.9.0/stm32cubeide/plugins/com.st.stm32cube.ide.mcu.externaltools.gnu-tools-for-stm32.10.3-2021.10.win32_1.0.0.202111181127/tools/bin/../lib/gcc/arm-none-eabi/10.3.1/thumb/v7e-m+fp/hard/crtbegin.o
LOAD c:/st/stm32cubeide_1.9.0/stm32cubeide/plugins/com.st.stm32cube.ide.mcu.externaltools.gnu-tools-for-stm32.10.3-2021.10.win32_1.0.0.202111181127/tools/bin/../lib/gcc/arm-none-eabi/10.3.1/../../../../arm-none-eabi/lib/thumb/v7e-m+fp/hard/crt0.o
LOAD ./Core/Src/bmp180.o
LOAD ./Core/Src/main.o
LOAD ./Core/Src/nextion.o
LOAD ./Core/Src/stm32f4xx_hal_msp.o
LOAD ./Core/Src/stm32f4xx_it.o
LOAD ./Core/Src/syscalls.o
LOAD ./Core/Src/sysmem.o
LOAD ./Core/Src/system_stm32f4xx.o
LOAD ./Core/Startup/startup_stm32f411vetx.o
LOAD ./Drivers/STM32F4xx_HAL_Driver/Src/stm32f4xx_hal.o
LOAD ./Drivers/STM32F4xx_HAL_Driver/Src/stm32f4xx_hal_adc.o
LOAD ./Drivers/STM32F4xx_HAL_Driver/Src/stm32f4xx_hal_adc_ex.o
LOAD ./Drivers/STM32F4xx_HAL_Driver/Src/stm32f4xx_hal_cortex.o
LOAD ./Drivers/STM32F4xx_HAL_Driver/Src/stm32f4xx_hal_dma.o
LOAD ./Drivers/STM32F4xx_HAL_Driver/Src/stm32f4xx_hal_dma_ex.o
LOAD ./Drivers/STM32F4xx_HAL_Driver/Src/stm32f4xx_hal_exti.o
LOAD ./Drivers/STM32F4xx_HAL_Driver/Src/stm32f4xx_hal_flash.o
LOAD ./Drivers/STM32F4xx_HAL_Driver/Src/stm32f4xx_hal_flash_ex.o
LOAD ./Drivers/STM32F4xx_HAL_Driver/Src/stm32f4xx_hal_flash_ramfunc.o
LOAD ./Drivers/STM32F4xx_HAL_Driver/Src/stm32f4xx_hal_gpio.o
LOAD ./Drivers/STM32F4xx_HAL_Driver/Src/stm32f4xx_hal_i2c.o
LOAD ./Drivers/STM32F4xx_HAL_Driver/Src/stm32f4xx_hal_i2c_ex.o
LOAD ./Drivers/STM32F4xx_HAL_Driver/Src/stm32f4xx_hal_pwr.o
LOAD ./Drivers/STM32F4xx_HAL_Driver/Src/stm32f4xx_hal_pwr_ex.o
LOAD ./Drivers/STM32F4xx_HAL_Driver/Src/stm32f4xx_hal_rcc.o
LOAD ./Drivers/STM32F4xx_HAL_Driver/Src/stm32f4xx_hal_rcc_ex.o
LOAD ./Drivers/STM32F4xx_HAL_Driver/Src/stm32f4xx_hal_tim.o
LOAD ./Drivers/STM32F4xx_HAL_Driver/Src/stm32f4xx_hal_tim_ex.o
LOAD ./Drivers/STM32F4xx_HAL_Driver/Src/stm32f4xx_hal_uart.o
LOAD ./Drivers/STM32F4xx_HAL_Driver/Src/stm32f4xx_ll_adc.o
START GROUP
LOAD c:/st/stm32cubeide_1.9.0/stm32cubeide/plugins/com.st.stm32cube.ide.mcu.externaltools.gnu-tools-for-stm32.10.3-2021.10.win32_1.0.0.202111181127/tools/bin/../lib/gcc/arm-none-eabi/10.3.1/../../../../arm-none-eabi/lib/thumb/v7e-m+fp/hard\libc_nano.a
LOAD c:/st/stm32cubeide_1.9.0/stm32cubeide/plugins/com.st.stm32cube.ide.mcu.externaltools.gnu-tools-for-stm32.10.3-2021.10.win32_1.0.0.202111181127/tools/bin/../lib/gcc/arm-none-eabi/10.3.1/../../../../arm-none-eabi/lib/thumb/v7e-m+fp/hard\libm.a
END GROUP
START GROUP
LOAD c:/st/stm32cubeide_1.9.0/stm32cubeide/plugins/com.st.stm32cube.ide.mcu.externaltools.gnu-tools-for-stm32.10.3-2021.10.win32_1.0.0.202111181127/tools/bin/../lib/gcc/arm-none-eabi/10.3.1/thumb/v7e-m+fp/hard\libgcc.a
LOAD c:/st/stm32cubeide_1.9.0/stm32cubeide/plugins/com.st.stm32cube.ide.mcu.externaltools.gnu-tools-for-stm32.10.3-2021.10.win32_1.0.0.202111181127/tools/bin/../lib/gcc/arm-none-eabi/10.3.1/../../../../arm-none-eabi/lib/thumb/v7e-m+fp/hard\libc_nano.a
END GROUP
START GROUP
LOAD c:/st/stm32cubeide_1.9.0/stm32cubeide/plugins/com.st.stm32cube.ide.mcu.externaltools.gnu-tools-for-stm32.10.3-2021.10.win32_1.0.0.202111181127/tools/bin/../lib/gcc/arm-none-eabi/10.3.1/thumb/v7e-m+fp/hard\libgcc.a
LOAD c:/st/stm32cubeide_1.9.0/stm32cubeide/plugins/com.st.stm32cube.ide.mcu.externaltools.gnu-tools-for-stm32.10.3-2021.10.win32_1.0.0.202111181127/tools/bin/../lib/gcc/arm-none-eabi/10.3.1/../../../../arm-none-eabi/lib/thumb/v7e-m+fp/hard\libc_nano.a
LOAD c:/st/stm32cubeide_1.9.0/stm32cubeide/plugins/com.st.stm32cube.ide.mcu.externaltools.gnu-tools-for-stm32.10.3-2021.10.win32_1.0.0.202111181127/tools/bin/../lib/gcc/arm-none-eabi/10.3.1/../../../../arm-none-eabi/lib/thumb/v7e-m+fp/hard\libnosys.a
END GROUP
START GROUP
LOAD c:/st/stm32cubeide_1.9.0/stm32cubeide/plugins/com.st.stm32cube.ide.mcu.externaltools.gnu-tools-for-stm32.10.3-2021.10.win32_1.0.0.202111181127/tools/bin/../lib/gcc/arm-none-eabi/10.3.1/thumb/v7e-m+fp/hard\libgcc.a
LOAD c:/st/stm32cubeide_1.9.0/stm32cubeide/plugins/com.st.stm32cube.ide.mcu.externaltools.gnu-tools-for-stm32.10.3-2021.10.win32_1.0.0.202111181127/tools/bin/../lib/gcc/arm-none-eabi/10.3.1/../../../../arm-none-eabi/lib/thumb/v7e-m+fp/hard\libc_nano.a
LOAD c:/st/stm32cubeide_1.9.0/stm32cubeide/plugins/com.st.stm32cube.ide.mcu.externaltools.gnu-tools-for-stm32.10.3-2021.10.win32_1.0.0.202111181127/tools/bin/../lib/gcc/arm-none-eabi/10.3.1/../../../../arm-none-eabi/lib/thumb/v7e-m+fp/hard\libnosys.a
END GROUP
LOAD c:/st/stm32cubeide_1.9.0/stm32cubeide/plugins/com.st.stm32cube.ide.mcu.externaltools.gnu-tools-for-stm32.10.3-2021.10.win32_1.0.0.202111181127/tools/bin/../lib/gcc/arm-none-eabi/10.3.1/thumb/v7e-m+fp/hard/crtend.o
LOAD c:/st/stm32cubeide_1.9.0/stm32cubeide/plugins/com.st.stm32cube.ide.mcu.externaltools.gnu-tools-for-stm32.10.3-2021.10.win32_1.0.0.202111181127/tools/bin/../lib/gcc/arm-none-eabi/10.3.1/thumb/v7e-m+fp/hard/crtn.o
                0x0000000020020000                _estack = (ORIGIN (RAM) + LENGTH (RAM))
                0x0000000000000200                _Min_Heap_Size = 0x200
                0x0000000000000400                _Min_Stack_Size = 0x400

.isr_vector     0x0000000008000000      0x198
                0x0000000008000000                . = ALIGN (0x4)
 *(.isr_vector)
 .isr_vector    0x0000000008000000      0x198 ./Core/Startup/startup_stm32f411vetx.o
                0x0000000008000000                g_pfnVectors
                0x0000000008000198                . = ALIGN (0x4)

.text           0x00000000080001a0     0x6adc
                0x00000000080001a0                . = ALIGN (0x4)
 *(.text)
 .text          0x00000000080001a0       0x40 c:/st/stm32cubeide_1.9.0/stm32cubeide/plugins/com.st.stm32cube.ide.mcu.externaltools.gnu-tools-for-stm32.10.3-2021.10.win32_1.0.0.202111181127/tools/bin/../lib/gcc/arm-none-eabi/10.3.1/thumb/v7e-m+fp/hard/crtbegin.o
 .text          0x00000000080001e0       0xa0 c:/st/stm32cubeide_1.9.0/stm32cubeide/plugins/com.st.stm32cube.ide.mcu.externaltools.gnu-tools-for-stm32.10.3-2021.10.win32_1.0.0.202111181127/tools/bin/../lib/gcc/arm-none-eabi/10.3.1/../../../../arm-none-eabi/lib/thumb/v7e-m+fp/hard\libc_nano.a(lib_a-memchr.o)
                0x00000000080001e0                memchr
 .text          0x0000000008000280      0x378 c:/st/stm32cubeide_1.9.0/stm32cubeide/plugins/com.st.stm32cube.ide.mcu.externaltools.gnu-tools-for-stm32.10.3-2021.10.win32_1.0.0.202111181127/tools/bin/../lib/gcc/arm-none-eabi/10.3.1/thumb/v7e-m+fp/hard\libgcc.a(_arm_addsubdf3.o)
                0x0000000008000280                __aeabi_drsub
                0x0000000008000288                __aeabi_dsub
                0x0000000008000288                __subdf3
                0x000000000800028c                __aeabi_dadd
                0x000000000800028c                __adddf3
                0x0000000008000504                __floatunsidf
                0x0000000008000504                __aeabi_ui2d
                0x0000000008000524                __floatsidf
                0x0000000008000524                __aeabi_i2d
                0x0000000008000548                __aeabi_f2d
                0x0000000008000548                __extendsfdf2
                0x000000000800058c                __floatundidf
                0x000000000800058c                __aeabi_ul2d
                0x000000000800059c                __floatdidf
                0x000000000800059c                __aeabi_l2d
 .text          0x00000000080005f8      0x424 c:/st/stm32cubeide_1.9.0/stm32cubeide/plugins/com.st.stm32cube.ide.mcu.externaltools.gnu-tools-for-stm32.10.3-2021.10.win32_1.0.0.202111181127/tools/bin/../lib/gcc/arm-none-eabi/10.3.1/thumb/v7e-m+fp/hard\libgcc.a(_arm_muldivdf3.o)
                0x00000000080005f8                __aeabi_dmul
                0x00000000080005f8                __muldf3
                0x000000000800084c                __divdf3
                0x000000000800084c                __aeabi_ddiv
 .text          0x0000000008000a1c      0x110 c:/st/stm32cubeide_1.9.0/stm32cubeide/plugins/com.st.stm32cube.ide.mcu.externaltools.gnu-tools-for-stm32.10.3-2021.10.win32_1.0.0.202111181127/tools/bin/../lib/gcc/arm-none-eabi/10.3.1/thumb/v7e-m+fp/hard\libgcc.a(_arm_cmpdf2.o)
                0x0000000008000a1c                __gtdf2
                0x0000000008000a1c                __gedf2
                0x0000000008000a24                __ltdf2
                0x0000000008000a24                __ledf2
                0x0000000008000a2c                __nedf2
                0x0000000008000a2c                __eqdf2
                0x0000000008000a2c                __cmpdf2
                0x0000000008000aa8                __aeabi_cdrcmple
                0x0000000008000ab8                __aeabi_cdcmpeq
                0x0000000008000ab8                __aeabi_cdcmple
                0x0000000008000ac8                __aeabi_dcmpeq
                0x0000000008000adc                __aeabi_dcmplt
                0x0000000008000af0                __aeabi_dcmple
                0x0000000008000b04                __aeabi_dcmpge
                0x0000000008000b18                __aeabi_dcmpgt
 .text          0x0000000008000b2c       0x2c c:/st/stm32cubeide_1.9.0/stm32cubeide/plugins/com.st.stm32cube.ide.mcu.externaltools.gnu-tools-for-stm32.10.3-2021.10.win32_1.0.0.202111181127/tools/bin/../lib/gcc/arm-none-eabi/10.3.1/thumb/v7e-m+fp/hard\libgcc.a(_arm_unorddf2.o)
                0x0000000008000b2c                __unorddf2
                0x0000000008000b2c                __aeabi_dcmpun
 .text          0x0000000008000b58       0x50 c:/st/stm32cubeide_1.9.0/stm32cubeide/plugins/com.st.stm32cube.ide.mcu.externaltools.gnu-tools-for-stm32.10.3-2021.10.win32_1.0.0.202111181127/tools/bin/../lib/gcc/arm-none-eabi/10.3.1/thumb/v7e-m+fp/hard\libgcc.a(_arm_fixdfsi.o)
                0x0000000008000b58                __aeabi_d2iz
                0x0000000008000b58                __fixdfsi
 .text          0x0000000008000ba8       0x40 c:/st/stm32cubeide_1.9.0/stm32cubeide/plugins/com.st.stm32cube.ide.mcu.externaltools.gnu-tools-for-stm32.10.3-2021.10.win32_1.0.0.202111181127/tools/bin/../lib/gcc/arm-none-eabi/10.3.1/thumb/v7e-m+fp/hard\libgcc.a(_arm_fixunsdfsi.o)
                0x0000000008000ba8                __aeabi_d2uiz
                0x0000000008000ba8                __fixunsdfsi
 .text          0x0000000008000be8       0xa0 c:/st/stm32cubeide_1.9.0/stm32cubeide/plugins/com.st.stm32cube.ide.mcu.externaltools.gnu-tools-for-stm32.10.3-2021.10.win32_1.0.0.202111181127/tools/bin/../lib/gcc/arm-none-eabi/10.3.1/thumb/v7e-m+fp/hard\libgcc.a(_arm_truncdfsf2.o)
                0x0000000008000be8                __truncdfsf2
                0x0000000008000be8                __aeabi_d2f
 .text          0x0000000008000c88       0x30 c:/st/stm32cubeide_1.9.0/stm32cubeide/plugins/com.st.stm32cube.ide.mcu.externaltools.gnu-tools-for-stm32.10.3-2021.10.win32_1.0.0.202111181127/tools/bin/../lib/gcc/arm-none-eabi/10.3.1/thumb/v7e-m+fp/hard\libgcc.a(_aeabi_uldivmod.o)
                0x0000000008000c88                __aeabi_uldivmod
 .text          0x0000000008000cb8      0x2d0 c:/st/stm32cubeide_1.9.0/stm32cubeide/plugins/com.st.stm32cube.ide.mcu.externaltools.gnu-tools-for-stm32.10.3-2021.10.win32_1.0.0.202111181127/tools/bin/../lib/gcc/arm-none-eabi/10.3.1/thumb/v7e-m+fp/hard\libgcc.a(_udivmoddi4.o)
                0x0000000008000cb8                __udivmoddi4
 .text          0x0000000008000f88        0x4 c:/st/stm32cubeide_1.9.0/stm32cubeide/plugins/com.st.stm32cube.ide.mcu.externaltools.gnu-tools-for-stm32.10.3-2021.10.win32_1.0.0.202111181127/tools/bin/../lib/gcc/arm-none-eabi/10.3.1/thumb/v7e-m+fp/hard\libgcc.a(_dvmd_tls.o)
                0x0000000008000f88                __aeabi_idiv0
                0x0000000008000f88                __aeabi_ldiv0
 *(.text*)
 .text.BMP180_Callibration
                0x0000000008000f8c      0x160 ./Core/Src/bmp180.o
                0x0000000008000f8c                BMP180_Callibration
 .text.BMP180_Start
                0x00000000080010ec        0xc ./Core/Src/bmp180.o
                0x00000000080010ec                BMP180_Start
 .text.Uncompensated_Temp
                0x00000000080010f8       0x6c ./Core/Src/bmp180.o
                0x00000000080010f8                Uncompensated_Temp
 .text.Uncompensated_Press
                0x0000000008001164       0xbc ./Core/Src/bmp180.o
                0x0000000008001164                Uncompensated_Press
 .text.BMP180_Calc_Temp
                0x0000000008001220      0x13c ./Core/Src/bmp180.o
                0x0000000008001220                BMP180_Calc_Temp
 .text.BMP180_Calc_Press
                0x000000000800135c      0x460 ./Core/Src/bmp180.o
                0x000000000800135c                BMP180_Calc_Press
 *fill*         0x00000000080017bc        0x4 
 .text.BMP180_Calc_Alt
                0x00000000080017c0       0x9c ./Core/Src/bmp180.o
                0x00000000080017c0                BMP180_Calc_Alt
 .text.BMP180_Kalman_Temp
                0x000000000800185c      0x14c ./Core/Src/bmp180.o
                0x000000000800185c                BMP180_Kalman_Temp
 .text.BMP180_Kalman_Press
                0x00000000080019a8      0x158 ./Core/Src/bmp180.o
                0x00000000080019a8                BMP180_Kalman_Press
 .text.BMP180_Kalman_Alt
                0x0000000008001b00      0x158 ./Core/Src/bmp180.o
                0x0000000008001b00                BMP180_Kalman_Alt
 .text.main     0x0000000008001c58      0x22c ./Core/Src/main.o
                0x0000000008001c58                main
 .text.SystemClock_Config
                0x0000000008001e84       0xd0 ./Core/Src/main.o
                0x0000000008001e84                SystemClock_Config
 .text.MX_ADC1_Init
                0x0000000008001f54       0xa4 ./Core/Src/main.o
 .text.MX_I2C1_Init
                0x0000000008001ff8       0x5c ./Core/Src/main.o
 .text.MX_USART2_UART_Init
                0x0000000008002054       0x54 ./Core/Src/main.o
 .text.MX_USART6_UART_Init
                0x00000000080020a8       0x54 ./Core/Src/main.o
 .text.MX_GPIO_Init
                0x00000000080020fc       0x88 ./Core/Src/main.o
 .text.Error_Handler
                0x0000000008002184        0xa ./Core/Src/main.o
                0x0000000008002184                Error_Handler
 *fill*         0x000000000800218e        0x2 
 .text.SpeedGauge
                0x0000000008002190       0x68 ./Core/Src/nextion.o
                0x0000000008002190                SpeedGauge
 .text.SpeedNum
                0x00000000080021f8       0x50 ./Core/Src/nextion.o
                0x00000000080021f8                SpeedNum
 .text.TotalVoltNum
                0x0000000008002248       0x50 ./Core/Src/nextion.o
                0x0000000008002248                TotalVoltNum
 .text.TotalCurrentNum
                0x0000000008002298       0x50 ./Core/Src/nextion.o
                0x0000000008002298                TotalCurrentNum
 .text.MaxTempNum
                0x00000000080022e8       0x50 ./Core/Src/nextion.o
                0x00000000080022e8                MaxTempNum
 .text.HAL_MspInit
                0x0000000008002338       0x50 ./Core/Src/stm32f4xx_hal_msp.o
                0x0000000008002338                HAL_MspInit
 .text.HAL_ADC_MspInit
                0x0000000008002388       0x88 ./Core/Src/stm32f4xx_hal_msp.o
                0x0000000008002388                HAL_ADC_MspInit
 .text.HAL_I2C_MspInit
                0x0000000008002410       0x90 ./Core/Src/stm32f4xx_hal_msp.o
                0x0000000008002410                HAL_I2C_MspInit
 .text.HAL_UART_MspInit
                0x00000000080024a0       0xfc ./Core/Src/stm32f4xx_hal_msp.o
                0x00000000080024a0                HAL_UART_MspInit
 .text.NMI_Handler
                0x000000000800259c        0x6 ./Core/Src/stm32f4xx_it.o
                0x000000000800259c                NMI_Handler
 .text.HardFault_Handler
                0x00000000080025a2        0x6 ./Core/Src/stm32f4xx_it.o
                0x00000000080025a2                HardFault_Handler
 .text.MemManage_Handler
                0x00000000080025a8        0x6 ./Core/Src/stm32f4xx_it.o
                0x00000000080025a8                MemManage_Handler
 .text.BusFault_Handler
                0x00000000080025ae        0x6 ./Core/Src/stm32f4xx_it.o
                0x00000000080025ae                BusFault_Handler
 .text.UsageFault_Handler
                0x00000000080025b4        0x6 ./Core/Src/stm32f4xx_it.o
                0x00000000080025b4                UsageFault_Handler
 .text.SVC_Handler
                0x00000000080025ba        0xe ./Core/Src/stm32f4xx_it.o
                0x00000000080025ba                SVC_Handler
 .text.DebugMon_Handler
                0x00000000080025c8        0xe ./Core/Src/stm32f4xx_it.o
                0x00000000080025c8                DebugMon_Handler
 .text.PendSV_Handler
                0x00000000080025d6        0xe ./Core/Src/stm32f4xx_it.o
                0x00000000080025d6                PendSV_Handler
 .text.SysTick_Handler
                0x00000000080025e4        0xc ./Core/Src/stm32f4xx_it.o
                0x00000000080025e4                SysTick_Handler
 .text._sbrk    0x00000000080025f0       0x6c ./Core/Src/sysmem.o
                0x00000000080025f0                _sbrk
 .text.SystemInit
                0x000000000800265c       0x24 ./Core/Src/system_stm32f4xx.o
                0x000000000800265c                SystemInit
 .text.Reset_Handler
                0x0000000008002680       0x50 ./Core/Startup/startup_stm32f411vetx.o
                0x0000000008002680                Reset_Handler
 .text.Default_Handler
                0x00000000080026d0        0x2 ./Core/Startup/startup_stm32f411vetx.o
                0x00000000080026d0                RTC_Alarm_IRQHandler
                0x00000000080026d0                EXTI2_IRQHandler
                0x00000000080026d0                SPI4_IRQHandler
                0x00000000080026d0                TIM1_CC_IRQHandler
                0x00000000080026d0                DMA2_Stream5_IRQHandler
                0x00000000080026d0                DMA1_Stream5_IRQHandler
                0x00000000080026d0                PVD_IRQHandler
                0x00000000080026d0                SDIO_IRQHandler
                0x00000000080026d0                TAMP_STAMP_IRQHandler
                0x00000000080026d0                EXTI3_IRQHandler
                0x00000000080026d0                TIM1_UP_TIM10_IRQHandler
                0x00000000080026d0                I2C3_ER_IRQHandler
                0x00000000080026d0                EXTI0_IRQHandler
                0x00000000080026d0                I2C2_EV_IRQHandler
                0x00000000080026d0                DMA1_Stream2_IRQHandler
                0x00000000080026d0                FPU_IRQHandler
                0x00000000080026d0                DMA2_Stream2_IRQHandler
                0x00000000080026d0                SPI1_IRQHandler
                0x00000000080026d0                TIM1_BRK_TIM9_IRQHandler
                0x00000000080026d0                DMA2_Stream3_IRQHandler
                0x00000000080026d0                USART6_IRQHandler
                0x00000000080026d0                DMA2_Stream0_IRQHandler
                0x00000000080026d0                TIM4_IRQHandler
                0x00000000080026d0                I2C1_EV_IRQHandler
                0x00000000080026d0                DMA1_Stream6_IRQHandler
                0x00000000080026d0                DMA1_Stream1_IRQHandler
                0x00000000080026d0                TIM3_IRQHandler
                0x00000000080026d0                RCC_IRQHandler
                0x00000000080026d0                Default_Handler
                0x00000000080026d0                EXTI15_10_IRQHandler
                0x00000000080026d0                ADC_IRQHandler
                0x00000000080026d0                DMA1_Stream7_IRQHandler
                0x00000000080026d0                SPI5_IRQHandler
                0x00000000080026d0                TIM5_IRQHandler
                0x00000000080026d0                DMA2_Stream7_IRQHandler
                0x00000000080026d0                I2C3_EV_IRQHandler
                0x00000000080026d0                EXTI9_5_IRQHandler
                0x00000000080026d0                RTC_WKUP_IRQHandler
                0x00000000080026d0                SPI2_IRQHandler
                0x00000000080026d0                DMA1_Stream0_IRQHandler
                0x00000000080026d0                EXTI4_IRQHandler
                0x00000000080026d0                WWDG_IRQHandler
                0x00000000080026d0                TIM2_IRQHandler
                0x00000000080026d0                OTG_FS_WKUP_IRQHandler
                0x00000000080026d0                TIM1_TRG_COM_TIM11_IRQHandler
                0x00000000080026d0                EXTI1_IRQHandler
                0x00000000080026d0                USART2_IRQHandler
                0x00000000080026d0                I2C2_ER_IRQHandler
                0x00000000080026d0                DMA2_Stream1_IRQHandler
                0x00000000080026d0                FLASH_IRQHandler
                0x00000000080026d0                DMA2_Stream4_IRQHandler
                0x00000000080026d0                USART1_IRQHandler
                0x00000000080026d0                OTG_FS_IRQHandler
                0x00000000080026d0                SPI3_IRQHandler
                0x00000000080026d0                DMA1_Stream4_IRQHandler
                0x00000000080026d0                I2C1_ER_IRQHandler
                0x00000000080026d0                DMA2_Stream6_IRQHandler
                0x00000000080026d0                DMA1_Stream3_IRQHandler
 *fill*         0x00000000080026d2        0x2 
 .text.HAL_Init
                0x00000000080026d4       0x44 ./Drivers/STM32F4xx_HAL_Driver/Src/stm32f4xx_hal.o
                0x00000000080026d4                HAL_Init
 .text.HAL_InitTick
                0x0000000008002718       0x60 ./Drivers/STM32F4xx_HAL_Driver/Src/stm32f4xx_hal.o
                0x0000000008002718                HAL_InitTick
 .text.HAL_IncTick
                0x0000000008002778       0x28 ./Drivers/STM32F4xx_HAL_Driver/Src/stm32f4xx_hal.o
                0x0000000008002778                HAL_IncTick
 .text.HAL_GetTick
                0x00000000080027a0       0x18 ./Drivers/STM32F4xx_HAL_Driver/Src/stm32f4xx_hal.o
                0x00000000080027a0                HAL_GetTick
 .text.HAL_Delay
                0x00000000080027b8       0x48 ./Drivers/STM32F4xx_HAL_Driver/Src/stm32f4xx_hal.o
                0x00000000080027b8                HAL_Delay
 .text.HAL_ADC_Init
                0x0000000008002800       0x86 ./Drivers/STM32F4xx_HAL_Driver/Src/stm32f4xx_hal_adc.o
                0x0000000008002800                HAL_ADC_Init
 *fill*         0x0000000008002886        0x2 
 .text.HAL_ADC_Start
                0x0000000008002888      0x168 ./Drivers/STM32F4xx_HAL_Driver/Src/stm32f4xx_hal_adc.o
                0x0000000008002888                HAL_ADC_Start
 .text.HAL_ADC_Stop
                0x00000000080029f0       0x66 ./Drivers/STM32F4xx_HAL_Driver/Src/stm32f4xx_hal_adc.o
                0x00000000080029f0                HAL_ADC_Stop
 .text.HAL_ADC_PollForConversion
                0x0000000008002a56      0x116 ./Drivers/STM32F4xx_HAL_Driver/Src/stm32f4xx_hal_adc.o
                0x0000000008002a56                HAL_ADC_PollForConversion
 .text.HAL_ADC_GetValue
                0x0000000008002b6c       0x1a ./Drivers/STM32F4xx_HAL_Driver/Src/stm32f4xx_hal_adc.o
                0x0000000008002b6c                HAL_ADC_GetValue
 *fill*         0x0000000008002b86        0x2 
 .text.HAL_ADC_ConfigChannel
                0x0000000008002b88      0x264 ./Drivers/STM32F4xx_HAL_Driver/Src/stm32f4xx_hal_adc.o
                0x0000000008002b88                HAL_ADC_ConfigChannel
 .text.ADC_Init
                0x0000000008002dec      0x1f8 ./Drivers/STM32F4xx_HAL_Driver/Src/stm32f4xx_hal_adc.o
 .text.__NVIC_SetPriorityGrouping
                0x0000000008002fe4       0x48 ./Drivers/STM32F4xx_HAL_Driver/Src/stm32f4xx_hal_cortex.o
 .text.__NVIC_GetPriorityGrouping
                0x000000000800302c       0x1c ./Drivers/STM32F4xx_HAL_Driver/Src/stm32f4xx_hal_cortex.o
 .text.__NVIC_SetPriority
                0x0000000008003048       0x54 ./Drivers/STM32F4xx_HAL_Driver/Src/stm32f4xx_hal_cortex.o
 .text.NVIC_EncodePriority
                0x000000000800309c       0x66 ./Drivers/STM32F4xx_HAL_Driver/Src/stm32f4xx_hal_cortex.o
 *fill*         0x0000000008003102        0x2 
 .text.SysTick_Config
                0x0000000008003104       0x44 ./Drivers/STM32F4xx_HAL_Driver/Src/stm32f4xx_hal_cortex.o
 .text.HAL_NVIC_SetPriorityGrouping
                0x0000000008003148       0x16 ./Drivers/STM32F4xx_HAL_Driver/Src/stm32f4xx_hal_cortex.o
                0x0000000008003148                HAL_NVIC_SetPriorityGrouping
 .text.HAL_NVIC_SetPriority
                0x000000000800315e       0x38 ./Drivers/STM32F4xx_HAL_Driver/Src/stm32f4xx_hal_cortex.o
                0x000000000800315e                HAL_NVIC_SetPriority
 .text.HAL_SYSTICK_Config
                0x0000000008003196       0x18 ./Drivers/STM32F4xx_HAL_Driver/Src/stm32f4xx_hal_cortex.o
                0x0000000008003196                HAL_SYSTICK_Config
 *fill*         0x00000000080031ae        0x2 
 .text.HAL_GPIO_Init
                0x00000000080031b0      0x308 ./Drivers/STM32F4xx_HAL_Driver/Src/stm32f4xx_hal_gpio.o
                0x00000000080031b0                HAL_GPIO_Init
 .text.HAL_I2C_Init
                0x00000000080034b8      0x288 ./Drivers/STM32F4xx_HAL_Driver/Src/stm32f4xx_hal_i2c.o
                0x00000000080034b8                HAL_I2C_Init
 .text.HAL_I2C_Mem_Write
                0x0000000008003740      0x1f4 ./Drivers/STM32F4xx_HAL_Driver/Src/stm32f4xx_hal_i2c.o
                0x0000000008003740                HAL_I2C_Mem_Write
 .text.HAL_I2C_Mem_Read
                0x0000000008003934      0x44c ./Drivers/STM32F4xx_HAL_Driver/Src/stm32f4xx_hal_i2c.o
                0x0000000008003934                HAL_I2C_Mem_Read
 .text.I2C_RequestMemoryWrite
                0x0000000008003d80      0x12c ./Drivers/STM32F4xx_HAL_Driver/Src/stm32f4xx_hal_i2c.o
 .text.I2C_RequestMemoryRead
                0x0000000008003eac      0x1d0 ./Drivers/STM32F4xx_HAL_Driver/Src/stm32f4xx_hal_i2c.o
 .text.I2C_WaitOnFlagUntilTimeout
                0x000000000800407c       0xae ./Drivers/STM32F4xx_HAL_Driver/Src/stm32f4xx_hal_i2c.o
 .text.I2C_WaitOnMasterAddressFlagUntilTimeout
                0x000000000800412a       0xfe ./Drivers/STM32F4xx_HAL_Driver/Src/stm32f4xx_hal_i2c.o
 .text.I2C_WaitOnTXEFlagUntilTimeout
                0x0000000008004228       0x82 ./Drivers/STM32F4xx_HAL_Driver/Src/stm32f4xx_hal_i2c.o
 .text.I2C_WaitOnBTFFlagUntilTimeout
                0x00000000080042aa       0x82 ./Drivers/STM32F4xx_HAL_Driver/Src/stm32f4xx_hal_i2c.o
 .text.I2C_WaitOnRXNEFlagUntilTimeout
                0x000000000800432c       0xac ./Drivers/STM32F4xx_HAL_Driver/Src/stm32f4xx_hal_i2c.o
 .text.I2C_IsAcknowledgeFailed
                0x00000000080043d8       0x5e ./Drivers/STM32F4xx_HAL_Driver/Src/stm32f4xx_hal_i2c.o
 *fill*         0x0000000008004436        0x2 
 .text.HAL_RCC_OscConfig
                0x0000000008004438      0x4f0 ./Drivers/STM32F4xx_HAL_Driver/Src/stm32f4xx_hal_rcc.o
                0x0000000008004438                HAL_RCC_OscConfig
 .text.HAL_RCC_ClockConfig
                0x0000000008004928      0x1cc ./Drivers/STM32F4xx_HAL_Driver/Src/stm32f4xx_hal_rcc.o
                0x0000000008004928                HAL_RCC_ClockConfig
 .text.HAL_RCC_GetSysClockFreq
                0x0000000008004af4      0x20c ./Drivers/STM32F4xx_HAL_Driver/Src/stm32f4xx_hal_rcc.o
                0x0000000008004af4                HAL_RCC_GetSysClockFreq
 .text.HAL_RCC_GetHCLKFreq
                0x0000000008004d00       0x18 ./Drivers/STM32F4xx_HAL_Driver/Src/stm32f4xx_hal_rcc.o
                0x0000000008004d00                HAL_RCC_GetHCLKFreq
 .text.HAL_RCC_GetPCLK1Freq
                0x0000000008004d18       0x28 ./Drivers/STM32F4xx_HAL_Driver/Src/stm32f4xx_hal_rcc.o
                0x0000000008004d18                HAL_RCC_GetPCLK1Freq
 .text.HAL_RCC_GetPCLK2Freq
                0x0000000008004d40       0x28 ./Drivers/STM32F4xx_HAL_Driver/Src/stm32f4xx_hal_rcc.o
                0x0000000008004d40                HAL_RCC_GetPCLK2Freq
 .text.HAL_UART_Init
                0x0000000008004d68       0x9a ./Drivers/STM32F4xx_HAL_Driver/Src/stm32f4xx_hal_uart.o
                0x0000000008004d68                HAL_UART_Init
 .text.HAL_UART_Transmit
                0x0000000008004e02      0x124 ./Drivers/STM32F4xx_HAL_Driver/Src/stm32f4xx_hal_uart.o
                0x0000000008004e02                HAL_UART_Transmit
 .text.UART_WaitOnFlagUntilTimeout
                0x0000000008004f26       0xdc ./Drivers/STM32F4xx_HAL_Driver/Src/stm32f4xx_hal_uart.o
 *fill*         0x0000000008005002        0x2 
 .text.UART_SetConfig
                0x0000000008005004      0x4e8 ./Drivers/STM32F4xx_HAL_Driver/Src/stm32f4xx_hal_uart.o
 .text.__errno  0x00000000080054ec        0xc c:/st/stm32cubeide_1.9.0/stm32cubeide/plugins/com.st.stm32cube.ide.mcu.externaltools.gnu-tools-for-stm32.10.3-2021.10.win32_1.0.0.202111181127/tools/bin/../lib/gcc/arm-none-eabi/10.3.1/../../../../arm-none-eabi/lib/thumb/v7e-m+fp/hard\libc_nano.a(lib_a-errno.o)
                0x00000000080054ec                __errno
 .text.__libc_init_array
                0x00000000080054f8       0x48 c:/st/stm32cubeide_1.9.0/stm32cubeide/plugins/com.st.stm32cube.ide.mcu.externaltools.gnu-tools-for-stm32.10.3-2021.10.win32_1.0.0.202111181127/tools/bin/../lib/gcc/arm-none-eabi/10.3.1/../../../../arm-none-eabi/lib/thumb/v7e-m+fp/hard\libc_nano.a(lib_a-init.o)
                0x00000000080054f8                __libc_init_array
 .text.memset   0x0000000008005540       0x10 c:/st/stm32cubeide_1.9.0/stm32cubeide/plugins/com.st.stm32cube.ide.mcu.externaltools.gnu-tools-for-stm32.10.3-2021.10.win32_1.0.0.202111181127/tools/bin/../lib/gcc/arm-none-eabi/10.3.1/../../../../arm-none-eabi/lib/thumb/v7e-m+fp/hard\libc_nano.a(lib_a-memset.o)
                0x0000000008005540                memset
 .text.sprintf  0x0000000008005550       0x40 c:/st/stm32cubeide_1.9.0/stm32cubeide/plugins/com.st.stm32cube.ide.mcu.externaltools.gnu-tools-for-stm32.10.3-2021.10.win32_1.0.0.202111181127/tools/bin/../lib/gcc/arm-none-eabi/10.3.1/../../../../arm-none-eabi/lib/thumb/v7e-m+fp/hard\libc_nano.a(lib_a-sprintf.o)
                0x0000000008005550                siprintf
                0x0000000008005550                sprintf
 .text.__ssputs_r
                0x0000000008005590       0xb6 c:/st/stm32cubeide_1.9.0/stm32cubeide/plugins/com.st.stm32cube.ide.mcu.externaltools.gnu-tools-for-stm32.10.3-2021.10.win32_1.0.0.202111181127/tools/bin/../lib/gcc/arm-none-eabi/10.3.1/../../../../arm-none-eabi/lib/thumb/v7e-m+fp/hard\libc_nano.a(lib_a-nano-svfprintf.o)
                0x0000000008005590                __ssputs_r
 *fill*         0x0000000008005646        0x2 
 .text._svfprintf_r
                0x0000000008005648      0x200 c:/st/stm32cubeide_1.9.0/stm32cubeide/plugins/com.st.stm32cube.ide.mcu.externaltools.gnu-tools-for-stm32.10.3-2021.10.win32_1.0.0.202111181127/tools/bin/../lib/gcc/arm-none-eabi/10.3.1/../../../../arm-none-eabi/lib/thumb/v7e-m+fp/hard\libc_nano.a(lib_a-nano-svfprintf.o)
                0x0000000008005648                _svfiprintf_r
                0x0000000008005648                _svfprintf_r
 .text._printf_common
                0x0000000008005848       0xda c:/st/stm32cubeide_1.9.0/stm32cubeide/plugins/com.st.stm32cube.ide.mcu.externaltools.gnu-tools-for-stm32.10.3-2021.10.win32_1.0.0.202111181127/tools/bin/../lib/gcc/arm-none-eabi/10.3.1/../../../../arm-none-eabi/lib/thumb/v7e-m+fp/hard\libc_nano.a(lib_a-nano-vfprintf_i.o)
                0x0000000008005848                _printf_common
 *fill*         0x0000000008005922        0x2 
 .text._printf_i
                0x0000000008005924      0x24c c:/st/stm32cubeide_1.9.0/stm32cubeide/plugins/com.st.stm32cube.ide.mcu.externaltools.gnu-tools-for-stm32.10.3-2021.10.win32_1.0.0.202111181127/tools/bin/../lib/gcc/arm-none-eabi/10.3.1/../../../../arm-none-eabi/lib/thumb/v7e-m+fp/hard\libc_nano.a(lib_a-nano-vfprintf_i.o)
                0x0000000008005924                _printf_i
 .text.memcpy   0x0000000008005b70       0x1c c:/st/stm32cubeide_1.9.0/stm32cubeide/plugins/com.st.stm32cube.ide.mcu.externaltools.gnu-tools-for-stm32.10.3-2021.10.win32_1.0.0.202111181127/tools/bin/../lib/gcc/arm-none-eabi/10.3.1/../../../../arm-none-eabi/lib/thumb/v7e-m+fp/hard\libc_nano.a(lib_a-memcpy-stub.o)
                0x0000000008005b70                memcpy
 .text.memmove  0x0000000008005b8c       0x34 c:/st/stm32cubeide_1.9.0/stm32cubeide/plugins/com.st.stm32cube.ide.mcu.externaltools.gnu-tools-for-stm32.10.3-2021.10.win32_1.0.0.202111181127/tools/bin/../lib/gcc/arm-none-eabi/10.3.1/../../../../arm-none-eabi/lib/thumb/v7e-m+fp/hard\libc_nano.a(lib_a-memmove.o)
                0x0000000008005b8c                memmove
 .text._free_r  0x0000000008005bc0       0x98 c:/st/stm32cubeide_1.9.0/stm32cubeide/plugins/com.st.stm32cube.ide.mcu.externaltools.gnu-tools-for-stm32.10.3-2021.10.win32_1.0.0.202111181127/tools/bin/../lib/gcc/arm-none-eabi/10.3.1/../../../../arm-none-eabi/lib/thumb/v7e-m+fp/hard\libc_nano.a(lib_a-nano-freer.o)
                0x0000000008005bc0                _free_r
 .text.sbrk_aligned
                0x0000000008005c58       0x40 c:/st/stm32cubeide_1.9.0/stm32cubeide/plugins/com.st.stm32cube.ide.mcu.externaltools.gnu-tools-for-stm32.10.3-2021.10.win32_1.0.0.202111181127/tools/bin/../lib/gcc/arm-none-eabi/10.3.1/../../../../arm-none-eabi/lib/thumb/v7e-m+fp/hard\libc_nano.a(lib_a-nano-mallocr.o)
 .text._malloc_r
                0x0000000008005c98       0xe8 c:/st/stm32cubeide_1.9.0/stm32cubeide/plugins/com.st.stm32cube.ide.mcu.externaltools.gnu-tools-for-stm32.10.3-2021.10.win32_1.0.0.202111181127/tools/bin/../lib/gcc/arm-none-eabi/10.3.1/../../../../arm-none-eabi/lib/thumb/v7e-m+fp/hard\libc_nano.a(lib_a-nano-mallocr.o)
                0x0000000008005c98                _malloc_r
 .text._realloc_r
                0x0000000008005d80       0x5e c:/st/stm32cubeide_1.9.0/stm32cubeide/plugins/com.st.stm32cube.ide.mcu.externaltools.gnu-tools-for-stm32.10.3-2021.10.win32_1.0.0.202111181127/tools/bin/../lib/gcc/arm-none-eabi/10.3.1/../../../../arm-none-eabi/lib/thumb/v7e-m+fp/hard\libc_nano.a(lib_a-nano-reallocr.o)
                0x0000000008005d80                _realloc_r
 *fill*         0x0000000008005dde        0x2 
 .text._sbrk_r  0x0000000008005de0       0x20 c:/st/stm32cubeide_1.9.0/stm32cubeide/plugins/com.st.stm32cube.ide.mcu.externaltools.gnu-tools-for-stm32.10.3-2021.10.win32_1.0.0.202111181127/tools/bin/../lib/gcc/arm-none-eabi/10.3.1/../../../../arm-none-eabi/lib/thumb/v7e-m+fp/hard\libc_nano.a(lib_a-sbrkr.o)
                0x0000000008005de0                _sbrk_r
 .text.__malloc_lock
                0x0000000008005e00        0xc c:/st/stm32cubeide_1.9.0/stm32cubeide/plugins/com.st.stm32cube.ide.mcu.externaltools.gnu-tools-for-stm32.10.3-2021.10.win32_1.0.0.202111181127/tools/bin/../lib/gcc/arm-none-eabi/10.3.1/../../../../arm-none-eabi/lib/thumb/v7e-m+fp/hard\libc_nano.a(lib_a-mlock.o)
                0x0000000008005e00                __malloc_lock
 .text.__malloc_unlock
                0x0000000008005e0c        0xc c:/st/stm32cubeide_1.9.0/stm32cubeide/plugins/com.st.stm32cube.ide.mcu.externaltools.gnu-tools-for-stm32.10.3-2021.10.win32_1.0.0.202111181127/tools/bin/../lib/gcc/arm-none-eabi/10.3.1/../../../../arm-none-eabi/lib/thumb/v7e-m+fp/hard\libc_nano.a(lib_a-mlock.o)
                0x0000000008005e0c                __malloc_unlock
 .text._malloc_usable_size_r
                0x0000000008005e18       0x10 c:/st/stm32cubeide_1.9.0/stm32cubeide/plugins/com.st.stm32cube.ide.mcu.externaltools.gnu-tools-for-stm32.10.3-2021.10.win32_1.0.0.202111181127/tools/bin/../lib/gcc/arm-none-eabi/10.3.1/../../../../arm-none-eabi/lib/thumb/v7e-m+fp/hard\libc_nano.a(lib_a-nano-msizer.o)
                0x0000000008005e18                _malloc_usable_size_r
 .text.__retarget_lock_acquire_recursive
                0x0000000008005e28        0x2 c:/st/stm32cubeide_1.9.0/stm32cubeide/plugins/com.st.stm32cube.ide.mcu.externaltools.gnu-tools-for-stm32.10.3-2021.10.win32_1.0.0.202111181127/tools/bin/../lib/gcc/arm-none-eabi/10.3.1/../../../../arm-none-eabi/lib/thumb/v7e-m+fp/hard\libc_nano.a(lib_a-lock.o)
                0x0000000008005e28                __retarget_lock_acquire_recursive
 .text.__retarget_lock_release_recursive
                0x0000000008005e2a        0x2 c:/st/stm32cubeide_1.9.0/stm32cubeide/plugins/com.st.stm32cube.ide.mcu.externaltools.gnu-tools-for-stm32.10.3-2021.10.win32_1.0.0.202111181127/tools/bin/../lib/gcc/arm-none-eabi/10.3.1/../../../../arm-none-eabi/lib/thumb/v7e-m+fp/hard\libc_nano.a(lib_a-lock.o)
                0x0000000008005e2a                __retarget_lock_release_recursive
 .text.pow      0x0000000008005e2c       0xe0 c:/st/stm32cubeide_1.9.0/stm32cubeide/plugins/com.st.stm32cube.ide.mcu.externaltools.gnu-tools-for-stm32.10.3-2021.10.win32_1.0.0.202111181127/tools/bin/../lib/gcc/arm-none-eabi/10.3.1/../../../../arm-none-eabi/lib/thumb/v7e-m+fp/hard\libm.a(lib_a-w_pow.o)
                0x0000000008005e2c                pow
 *fill*         0x0000000008005f0c        0x4 
 .text.__ieee754_pow
                0x0000000008005f10      0xa5c c:/st/stm32cubeide_1.9.0/stm32cubeide/plugins/com.st.stm32cube.ide.mcu.externaltools.gnu-tools-for-stm32.10.3-2021.10.win32_1.0.0.202111181127/tools/bin/../lib/gcc/arm-none-eabi/10.3.1/../../../../arm-none-eabi/lib/thumb/v7e-m+fp/hard\libm.a(lib_a-e_pow.o)
                0x0000000008005f10                __ieee754_pow
 .text.__ieee754_sqrt
                0x000000000800696c      0x164 c:/st/stm32cubeide_1.9.0/stm32cubeide/plugins/com.st.stm32cube.ide.mcu.externaltools.gnu-tools-for-stm32.10.3-2021.10.win32_1.0.0.202111181127/tools/bin/../lib/gcc/arm-none-eabi/10.3.1/../../../../arm-none-eabi/lib/thumb/v7e-m+fp/hard\libm.a(lib_a-e_sqrt.o)
                0x000000000800696c                __ieee754_sqrt
 .text.with_errno
                0x0000000008006ad0       0x14 c:/st/stm32cubeide_1.9.0/stm32cubeide/plugins/com.st.stm32cube.ide.mcu.externaltools.gnu-tools-for-stm32.10.3-2021.10.win32_1.0.0.202111181127/tools/bin/../lib/gcc/arm-none-eabi/10.3.1/../../../../arm-none-eabi/lib/thumb/v7e-m+fp/hard\libm.a(lib_a-math_err.o)
 .text.xflow    0x0000000008006ae4       0x28 c:/st/stm32cubeide_1.9.0/stm32cubeide/plugins/com.st.stm32cube.ide.mcu.externaltools.gnu-tools-for-stm32.10.3-2021.10.win32_1.0.0.202111181127/tools/bin/../lib/gcc/arm-none-eabi/10.3.1/../../../../arm-none-eabi/lib/thumb/v7e-m+fp/hard\libm.a(lib_a-math_err.o)
 .text.__math_uflow
                0x0000000008006b0c       0x12 c:/st/stm32cubeide_1.9.0/stm32cubeide/plugins/com.st.stm32cube.ide.mcu.externaltools.gnu-tools-for-stm32.10.3-2021.10.win32_1.0.0.202111181127/tools/bin/../lib/gcc/arm-none-eabi/10.3.1/../../../../arm-none-eabi/lib/thumb/v7e-m+fp/hard\libm.a(lib_a-math_err.o)
                0x0000000008006b0c                __math_uflow
 .text.__math_oflow
                0x0000000008006b1e       0x12 c:/st/stm32cubeide_1.9.0/stm32cubeide/plugins/com.st.stm32cube.ide.mcu.externaltools.gnu-tools-for-stm32.10.3-2021.10.win32_1.0.0.202111181127/tools/bin/../lib/gcc/arm-none-eabi/10.3.1/../../../../arm-none-eabi/lib/thumb/v7e-m+fp/hard\libm.a(lib_a-math_err.o)
                0x0000000008006b1e                __math_oflow
 .text.fabs     0x0000000008006b30       0x12 c:/st/stm32cubeide_1.9.0/stm32cubeide/plugins/com.st.stm32cube.ide.mcu.externaltools.gnu-tools-for-stm32.10.3-2021.10.win32_1.0.0.202111181127/tools/bin/../lib/gcc/arm-none-eabi/10.3.1/../../../../arm-none-eabi/lib/thumb/v7e-m+fp/hard\libm.a(lib_a-s_fabs.o)
                0x0000000008006b30                fabs
 .text.finite   0x0000000008006b42       0x16 c:/st/stm32cubeide_1.9.0/stm32cubeide/plugins/com.st.stm32cube.ide.mcu.externaltools.gnu-tools-for-stm32.10.3-2021.10.win32_1.0.0.202111181127/tools/bin/../lib/gcc/arm-none-eabi/10.3.1/../../../../arm-none-eabi/lib/thumb/v7e-m+fp/hard\libm.a(lib_a-s_finite.o)
                0x0000000008006b42                finite
 .text.scalbn   0x0000000008006b58      0x10c c:/st/stm32cubeide_1.9.0/stm32cubeide/plugins/com.st.stm32cube.ide.mcu.externaltools.gnu-tools-for-stm32.10.3-2021.10.win32_1.0.0.202111181127/tools/bin/../lib/gcc/arm-none-eabi/10.3.1/../../../../arm-none-eabi/lib/thumb/v7e-m+fp/hard\libm.a(lib_a-s_scalbn.o)
                0x0000000008006b58                scalbn
 *(.glue_7)
 .glue_7        0x0000000008006c64        0x0 linker stubs
 *(.glue_7t)
 .glue_7t       0x0000000008006c64        0x0 linker stubs
 *(.eh_frame)
 .eh_frame      0x0000000008006c64        0x0 c:/st/stm32cubeide_1.9.0/stm32cubeide/plugins/com.st.stm32cube.ide.mcu.externaltools.gnu-tools-for-stm32.10.3-2021.10.win32_1.0.0.202111181127/tools/bin/../lib/gcc/arm-none-eabi/10.3.1/thumb/v7e-m+fp/hard/crtbegin.o
 *(.init)
 .init          0x0000000008006c64        0x4 c:/st/stm32cubeide_1.9.0/stm32cubeide/plugins/com.st.stm32cube.ide.mcu.externaltools.gnu-tools-for-stm32.10.3-2021.10.win32_1.0.0.202111181127/tools/bin/../lib/gcc/arm-none-eabi/10.3.1/thumb/v7e-m+fp/hard/crti.o
                0x0000000008006c64                _init
 .init          0x0000000008006c68        0x8 c:/st/stm32cubeide_1.9.0/stm32cubeide/plugins/com.st.stm32cube.ide.mcu.externaltools.gnu-tools-for-stm32.10.3-2021.10.win32_1.0.0.202111181127/tools/bin/../lib/gcc/arm-none-eabi/10.3.1/thumb/v7e-m+fp/hard/crtn.o
 *(.fini)
 .fini          0x0000000008006c70        0x4 c:/st/stm32cubeide_1.9.0/stm32cubeide/plugins/com.st.stm32cube.ide.mcu.externaltools.gnu-tools-for-stm32.10.3-2021.10.win32_1.0.0.202111181127/tools/bin/../lib/gcc/arm-none-eabi/10.3.1/thumb/v7e-m+fp/hard/crti.o
                0x0000000008006c70                _fini
 .fini          0x0000000008006c74        0x8 c:/st/stm32cubeide_1.9.0/stm32cubeide/plugins/com.st.stm32cube.ide.mcu.externaltools.gnu-tools-for-stm32.10.3-2021.10.win32_1.0.0.202111181127/tools/bin/../lib/gcc/arm-none-eabi/10.3.1/thumb/v7e-m+fp/hard/crtn.o
                0x0000000008006c7c                . = ALIGN (0x4)
                0x0000000008006c7c                _etext = .

.vfp11_veneer   0x0000000008006c7c        0x0
 .vfp11_veneer  0x0000000008006c7c        0x0 linker stubs

.v4_bx          0x0000000008006c7c        0x0
 .v4_bx         0x0000000008006c7c        0x0 linker stubs

.iplt           0x0000000008006c7c        0x0
 .iplt          0x0000000008006c7c        0x0 c:/st/stm32cubeide_1.9.0/stm32cubeide/plugins/com.st.stm32cube.ide.mcu.externaltools.gnu-tools-for-stm32.10.3-2021.10.win32_1.0.0.202111181127/tools/bin/../lib/gcc/arm-none-eabi/10.3.1/thumb/v7e-m+fp/hard/crtbegin.o

.rodata         0x0000000008006c80       0xe0
                0x0000000008006c80                . = ALIGN (0x4)
 *(.rodata)
 .rodata        0x0000000008006c80       0x27 ./Core/Src/main.o
 *fill*         0x0000000008006ca7        0x1 
 .rodata        0x0000000008006ca8        0x6 ./Core/Src/nextion.o
 *(.rodata*)
 *fill*         0x0000000008006cae        0x2 
 .rodata.Temp_H.16
                0x0000000008006cb0        0x8 ./Core/Src/bmp180.o
 .rodata.Temp_R.15
                0x0000000008006cb8        0x8 ./Core/Src/bmp180.o
 .rodata.Press_H.10
                0x0000000008006cc0        0x8 ./Core/Src/bmp180.o
 .rodata.Press_R.9
                0x0000000008006cc8        0x8 ./Core/Src/bmp180.o
 .rodata.Alt_H.4
                0x0000000008006cd0        0x8 ./Core/Src/bmp180.o
 .rodata.Alt_R.3
                0x0000000008006cd8        0x8 ./Core/Src/bmp180.o
 .rodata.AHBPrescTable
                0x0000000008006ce0       0x10 ./Core/Src/system_stm32f4xx.o
                0x0000000008006ce0                AHBPrescTable
 .rodata.APBPrescTable
                0x0000000008006cf0        0x8 ./Core/Src/system_stm32f4xx.o
                0x0000000008006cf0                APBPrescTable
 .rodata._svfprintf_r.str1.1
                0x0000000008006cf8       0x11 c:/st/stm32cubeide_1.9.0/stm32cubeide/plugins/com.st.stm32cube.ide.mcu.externaltools.gnu-tools-for-stm32.10.3-2021.10.win32_1.0.0.202111181127/tools/bin/../lib/gcc/arm-none-eabi/10.3.1/../../../../arm-none-eabi/lib/thumb/v7e-m+fp/hard\libc_nano.a(lib_a-nano-svfprintf.o)
 .rodata._printf_i.str1.1
                0x0000000008006d09       0x22 c:/st/stm32cubeide_1.9.0/stm32cubeide/plugins/com.st.stm32cube.ide.mcu.externaltools.gnu-tools-for-stm32.10.3-2021.10.win32_1.0.0.202111181127/tools/bin/../lib/gcc/arm-none-eabi/10.3.1/../../../../arm-none-eabi/lib/thumb/v7e-m+fp/hard\libc_nano.a(lib_a-nano-vfprintf_i.o)
 *fill*         0x0000000008006d2b        0x5 
 .rodata.bp     0x0000000008006d30       0x10 c:/st/stm32cubeide_1.9.0/stm32cubeide/plugins/com.st.stm32cube.ide.mcu.externaltools.gnu-tools-for-stm32.10.3-2021.10.win32_1.0.0.202111181127/tools/bin/../lib/gcc/arm-none-eabi/10.3.1/../../../../arm-none-eabi/lib/thumb/v7e-m+fp/hard\libm.a(lib_a-e_pow.o)
 .rodata.dp_h   0x0000000008006d40       0x10 c:/st/stm32cubeide_1.9.0/stm32cubeide/plugins/com.st.stm32cube.ide.mcu.externaltools.gnu-tools-for-stm32.10.3-2021.10.win32_1.0.0.202111181127/tools/bin/../lib/gcc/arm-none-eabi/10.3.1/../../../../arm-none-eabi/lib/thumb/v7e-m+fp/hard\libm.a(lib_a-e_pow.o)
 .rodata.dp_l   0x0000000008006d50       0x10 c:/st/stm32cubeide_1.9.0/stm32cubeide/plugins/com.st.stm32cube.ide.mcu.externaltools.gnu-tools-for-stm32.10.3-2021.10.win32_1.0.0.202111181127/tools/bin/../lib/gcc/arm-none-eabi/10.3.1/../../../../arm-none-eabi/lib/thumb/v7e-m+fp/hard\libm.a(lib_a-e_pow.o)
                0x0000000008006d60                . = ALIGN (0x4)

.ARM.extab      0x0000000008006d60        0x0
                0x0000000008006d60                . = ALIGN (0x4)
 *(.ARM.extab* .gnu.linkonce.armextab.*)
                0x0000000008006d60                . = ALIGN (0x4)

.ARM            0x0000000008006d60        0x8
                0x0000000008006d60                . = ALIGN (0x4)
                0x0000000008006d60                __exidx_start = .
 *(.ARM.exidx*)
 .ARM.exidx     0x0000000008006d60        0x8 c:/st/stm32cubeide_1.9.0/stm32cubeide/plugins/com.st.stm32cube.ide.mcu.externaltools.gnu-tools-for-stm32.10.3-2021.10.win32_1.0.0.202111181127/tools/bin/../lib/gcc/arm-none-eabi/10.3.1/thumb/v7e-m+fp/hard\libgcc.a(_udivmoddi4.o)
                0x0000000008006d68                __exidx_end = .
                0x0000000008006d68                . = ALIGN (0x4)

.rel.dyn        0x0000000008006d68        0x0
 .rel.iplt      0x0000000008006d68        0x0 c:/st/stm32cubeide_1.9.0/stm32cubeide/plugins/com.st.stm32cube.ide.mcu.externaltools.gnu-tools-for-stm32.10.3-2021.10.win32_1.0.0.202111181127/tools/bin/../lib/gcc/arm-none-eabi/10.3.1/thumb/v7e-m+fp/hard/crtbegin.o

.preinit_array  0x0000000008006d68        0x0
                0x0000000008006d68                . = ALIGN (0x4)
                0x0000000008006d68                PROVIDE (__preinit_array_start = .)
 *(.preinit_array*)
                0x0000000008006d68                PROVIDE (__preinit_array_end = .)
                0x0000000008006d68                . = ALIGN (0x4)

.init_array     0x0000000008006d68        0x4
                0x0000000008006d68                . = ALIGN (0x4)
                0x0000000008006d68                PROVIDE (__init_array_start = .)
 *(SORT_BY_NAME(.init_array.*))
 *(.init_array*)
 .init_array    0x0000000008006d68        0x4 c:/st/stm32cubeide_1.9.0/stm32cubeide/plugins/com.st.stm32cube.ide.mcu.externaltools.gnu-tools-for-stm32.10.3-2021.10.win32_1.0.0.202111181127/tools/bin/../lib/gcc/arm-none-eabi/10.3.1/thumb/v7e-m+fp/hard/crtbegin.o
                0x0000000008006d6c                PROVIDE (__init_array_end = .)
                0x0000000008006d6c                . = ALIGN (0x4)

.fini_array     0x0000000008006d6c        0x4
                0x0000000008006d6c                . = ALIGN (0x4)
                [!provide]                        PROVIDE (__fini_array_start = .)
 *(SORT_BY_NAME(.fini_array.*))
 *(.fini_array*)
 .fini_array    0x0000000008006d6c        0x4 c:/st/stm32cubeide_1.9.0/stm32cubeide/plugins/com.st.stm32cube.ide.mcu.externaltools.gnu-tools-for-stm32.10.3-2021.10.win32_1.0.0.202111181127/tools/bin/../lib/gcc/arm-none-eabi/10.3.1/thumb/v7e-m+fp/hard/crtbegin.o
                [!provide]                        PROVIDE (__fini_array_end = .)
                0x0000000008006d70                . = ALIGN (0x4)
                0x0000000008006d70                _sidata = LOADADDR (.data)

.data           0x0000000020000000       0xac load address 0x0000000008006d70
                0x0000000020000000                . = ALIGN (0x4)
                0x0000000020000000                _sdata = .
 *(.data)
 *(.data*)
 .data.atmPress
                0x0000000020000000        0x4 ./Core/Src/bmp180.o
                0x0000000020000000                atmPress
 *fill*         0x0000000020000004        0x4 
 .data.Temp_U_hat.13
                0x0000000020000008        0x8 ./Core/Src/bmp180.o
 .data.Temp_Q.12
                0x0000000020000010        0x8 ./Core/Src/bmp180.o
 .data.Press_U_hat.7
                0x0000000020000018        0x8 ./Core/Src/bmp180.o
 .data.Press_Q.6
                0x0000000020000020        0x8 ./Core/Src/bmp180.o
 .data.Alt_U_hat.1
                0x0000000020000028        0x8 ./Core/Src/bmp180.o
 .data.Alt_Q.0  0x0000000020000030        0x8 ./Core/Src/bmp180.o
 .data.Cmd_End  0x0000000020000038        0x3 ./Core/Src/nextion.o
                0x0000000020000038                Cmd_End
 *fill*         0x000000002000003b        0x1 
 .data.SystemCoreClock
                0x000000002000003c        0x4 ./Core/Src/system_stm32f4xx.o
                0x000000002000003c                SystemCoreClock
 .data.uwTickPrio
                0x0000000020000040        0x4 ./Drivers/STM32F4xx_HAL_Driver/Src/stm32f4xx_hal.o
                0x0000000020000040                uwTickPrio
 .data.uwTickFreq
                0x0000000020000044        0x1 ./Drivers/STM32F4xx_HAL_Driver/Src/stm32f4xx_hal.o
                0x0000000020000044                uwTickFreq
 *fill*         0x0000000020000045        0x3 
 .data._impure_ptr
                0x0000000020000048        0x4 c:/st/stm32cubeide_1.9.0/stm32cubeide/plugins/com.st.stm32cube.ide.mcu.externaltools.gnu-tools-for-stm32.10.3-2021.10.win32_1.0.0.202111181127/tools/bin/../lib/gcc/arm-none-eabi/10.3.1/../../../../arm-none-eabi/lib/thumb/v7e-m+fp/hard\libc_nano.a(lib_a-impure.o)
                0x0000000020000048                _impure_ptr
 .data.impure_data
                0x000000002000004c       0x60 c:/st/stm32cubeide_1.9.0/stm32cubeide/plugins/com.st.stm32cube.ide.mcu.externaltools.gnu-tools-for-stm32.10.3-2021.10.win32_1.0.0.202111181127/tools/bin/../lib/gcc/arm-none-eabi/10.3.1/../../../../arm-none-eabi/lib/thumb/v7e-m+fp/hard\libc_nano.a(lib_a-impure.o)
 *(.RamFunc)
 *(.RamFunc*)
                0x00000000200000ac                . = ALIGN (0x4)
                0x00000000200000ac                _edata = .

.igot.plt       0x00000000200000ac        0x0 load address 0x0000000008006e1c
 .igot.plt      0x00000000200000ac        0x0 c:/st/stm32cubeide_1.9.0/stm32cubeide/plugins/com.st.stm32cube.ide.mcu.externaltools.gnu-tools-for-stm32.10.3-2021.10.win32_1.0.0.202111181127/tools/bin/../lib/gcc/arm-none-eabi/10.3.1/thumb/v7e-m+fp/hard/crtbegin.o
                0x00000000200000ac                . = ALIGN (0x4)

.bss            0x00000000200000b0      0x230 load address 0x0000000008006e1c
                0x00000000200000b0                _sbss = .
                0x00000000200000b0                __bss_start__ = _sbss
 *(.bss)
 .bss           0x00000000200000b0       0x1c c:/st/stm32cubeide_1.9.0/stm32cubeide/plugins/com.st.stm32cube.ide.mcu.externaltools.gnu-tools-for-stm32.10.3-2021.10.win32_1.0.0.202111181127/tools/bin/../lib/gcc/arm-none-eabi/10.3.1/thumb/v7e-m+fp/hard/crtbegin.o
 *(.bss*)
 .bss.AC1       0x00000000200000cc        0x2 ./Core/Src/bmp180.o
                0x00000000200000cc                AC1
 .bss.AC2       0x00000000200000ce        0x2 ./Core/Src/bmp180.o
                0x00000000200000ce                AC2
 .bss.AC3       0x00000000200000d0        0x2 ./Core/Src/bmp180.o
                0x00000000200000d0                AC3
 .bss.AC4       0x00000000200000d2        0x2 ./Core/Src/bmp180.o
                0x00000000200000d2                AC4
 .bss.AC5       0x00000000200000d4        0x2 ./Core/Src/bmp180.o
                0x00000000200000d4                AC5
 .bss.AC6       0x00000000200000d6        0x2 ./Core/Src/bmp180.o
                0x00000000200000d6                AC6
 .bss.B1        0x00000000200000d8        0x2 ./Core/Src/bmp180.o
                0x00000000200000d8                B1
 .bss.B2        0x00000000200000da        0x2 ./Core/Src/bmp180.o
                0x00000000200000da                B2
 .bss.MB        0x00000000200000dc        0x2 ./Core/Src/bmp180.o
                0x00000000200000dc                MB
 .bss.MC        0x00000000200000de        0x2 ./Core/Src/bmp180.o
                0x00000000200000de                MC
 .bss.MD        0x00000000200000e0        0x2 ./Core/Src/bmp180.o
                0x00000000200000e0                MD
 *fill*         0x00000000200000e2        0x2 
 .bss.UT        0x00000000200000e4        0x4 ./Core/Src/bmp180.o
                0x00000000200000e4                UT
 .bss.oss       0x00000000200000e8        0x2 ./Core/Src/bmp180.o
                0x00000000200000e8                oss
 *fill*         0x00000000200000ea        0x2 
 .bss.UP        0x00000000200000ec        0x4 ./Core/Src/bmp180.o
                0x00000000200000ec                UP
 .bss.X1        0x00000000200000f0        0x4 ./Core/Src/bmp180.o
                0x00000000200000f0                X1
 .bss.X2        0x00000000200000f4        0x4 ./Core/Src/bmp180.o
                0x00000000200000f4                X2
 .bss.X3        0x00000000200000f8        0x4 ./Core/Src/bmp180.o
                0x00000000200000f8                X3
 .bss.B5        0x00000000200000fc        0x4 ./Core/Src/bmp180.o
                0x00000000200000fc                B5
 .bss.B3        0x0000000020000100        0x4 ./Core/Src/bmp180.o
                0x0000000020000100                B3
 .bss.B4        0x0000000020000104        0x4 ./Core/Src/bmp180.o
                0x0000000020000104                B4
 .bss.B6        0x0000000020000108        0x4 ./Core/Src/bmp180.o
                0x0000000020000108                B6
 .bss.B7        0x000000002000010c        0x4 ./Core/Src/bmp180.o
                0x000000002000010c                B7
 .bss.Temp      0x0000000020000110        0x4 ./Core/Src/bmp180.o
                0x0000000020000110                Temp
 .bss.Press     0x0000000020000114        0x4 ./Core/Src/bmp180.o
                0x0000000020000114                Press
 .bss.callib_array
                0x0000000020000118       0x16 ./Core/Src/bmp180.o
                0x0000000020000118                callib_array
 .bss.callib_first
                0x000000002000012e        0x2 ./Core/Src/bmp180.o
                0x000000002000012e                callib_first
 .bss.temp_register
                0x0000000020000130        0x1 ./Core/Src/bmp180.o
                0x0000000020000130                temp_register
 *fill*         0x0000000020000131        0x3 
 .bss.temp_arr  0x0000000020000134        0x2 ./Core/Src/bmp180.o
                0x0000000020000134                temp_arr
 *fill*         0x0000000020000136        0x2 
 .bss.press_arr
                0x0000000020000138        0x3 ./Core/Src/bmp180.o
                0x0000000020000138                press_arr
 .bss.press_register
                0x000000002000013b        0x1 ./Core/Src/bmp180.o
                0x000000002000013b                press_register
 *fill*         0x000000002000013c        0x4 
 .bss.Temp_P.17
                0x0000000020000140        0x8 ./Core/Src/bmp180.o
 .bss.Temp_K.14
                0x0000000020000148        0x8 ./Core/Src/bmp180.o
 .bss.Press_P.11
                0x0000000020000150        0x8 ./Core/Src/bmp180.o
 .bss.Press_K.8
                0x0000000020000158        0x8 ./Core/Src/bmp180.o
 .bss.Alt_P.5   0x0000000020000160        0x8 ./Core/Src/bmp180.o
 .bss.Alt_K.2   0x0000000020000168        0x8 ./Core/Src/bmp180.o
 .bss.hadc1     0x0000000020000170       0x48 ./Core/Src/main.o
                0x0000000020000170                hadc1
 .bss.hi2c1     0x00000000200001b8       0x54 ./Core/Src/main.o
                0x00000000200001b8                hi2c1
 .bss.huart2    0x000000002000020c       0x44 ./Core/Src/main.o
                0x000000002000020c                huart2
 .bss.huart6    0x0000000020000250       0x44 ./Core/Src/main.o
                0x0000000020000250                huart6
 .bss.readval   0x0000000020000294        0x2 ./Core/Src/main.o
                0x0000000020000294                readval
 *fill*         0x0000000020000296        0x2 
 .bss.Temperature
                0x0000000020000298        0x4 ./Core/Src/main.o
                0x0000000020000298                Temperature
 .bss.Pressure  0x000000002000029c        0x4 ./Core/Src/main.o
                0x000000002000029c                Pressure
 .bss.Altitude  0x00000000200002a0        0x4 ./Core/Src/main.o
                0x00000000200002a0                Altitude
 *fill*         0x00000000200002a4        0x4 
 .bss.Kalman_Temp
                0x00000000200002a8        0x8 ./Core/Src/main.o
                0x00000000200002a8                Kalman_Temp
 .bss.Kalman_Press
                0x00000000200002b0        0x8 ./Core/Src/main.o
                0x00000000200002b0                Kalman_Press
 .bss.Kalman_Alt
                0x00000000200002b8        0x8 ./Core/Src/main.o
                0x00000000200002b8                Kalman_Alt
 .bss.totalvoltvalue
                0x00000000200002c0        0x2 ./Core/Src/main.o
                0x00000000200002c0                totalvoltvalue
 .bss.totalcurrentvalue
                0x00000000200002c2        0x2 ./Core/Src/main.o
                0x00000000200002c2                totalcurrentvalue
 .bss.speedFloat
                0x00000000200002c4        0x4 ./Core/Src/main.o
                0x00000000200002c4                speedFloat
 .bss.__sbrk_heap_end
                0x00000000200002c8        0x4 ./Core/Src/sysmem.o
 .bss.uwTick    0x00000000200002cc        0x4 ./Drivers/STM32F4xx_HAL_Driver/Src/stm32f4xx_hal.o
                0x00000000200002cc                uwTick
 .bss.__malloc_free_list
                0x00000000200002d0        0x4 c:/st/stm32cubeide_1.9.0/stm32cubeide/plugins/com.st.stm32cube.ide.mcu.externaltools.gnu-tools-for-stm32.10.3-2021.10.win32_1.0.0.202111181127/tools/bin/../lib/gcc/arm-none-eabi/10.3.1/../../../../arm-none-eabi/lib/thumb/v7e-m+fp/hard\libc_nano.a(lib_a-nano-mallocr.o)
                0x00000000200002d0                __malloc_free_list
 .bss.__malloc_sbrk_start
                0x00000000200002d4        0x4 c:/st/stm32cubeide_1.9.0/stm32cubeide/plugins/com.st.stm32cube.ide.mcu.externaltools.gnu-tools-for-stm32.10.3-2021.10.win32_1.0.0.202111181127/tools/bin/../lib/gcc/arm-none-eabi/10.3.1/../../../../arm-none-eabi/lib/thumb/v7e-m+fp/hard\libc_nano.a(lib_a-nano-mallocr.o)
                0x00000000200002d4                __malloc_sbrk_start
 .bss.errno     0x00000000200002d8        0x4 c:/st/stm32cubeide_1.9.0/stm32cubeide/plugins/com.st.stm32cube.ide.mcu.externaltools.gnu-tools-for-stm32.10.3-2021.10.win32_1.0.0.202111181127/tools/bin/../lib/gcc/arm-none-eabi/10.3.1/../../../../arm-none-eabi/lib/thumb/v7e-m+fp/hard\libc_nano.a(lib_a-reent.o)
                0x00000000200002d8                errno
 .bss.__lock___malloc_recursive_mutex
                0x00000000200002dc        0x1 c:/st/stm32cubeide_1.9.0/stm32cubeide/plugins/com.st.stm32cube.ide.mcu.externaltools.gnu-tools-for-stm32.10.3-2021.10.win32_1.0.0.202111181127/tools/bin/../lib/gcc/arm-none-eabi/10.3.1/../../../../arm-none-eabi/lib/thumb/v7e-m+fp/hard\libc_nano.a(lib_a-lock.o)
                0x00000000200002dc                __lock___malloc_recursive_mutex
 *(COMMON)
                0x00000000200002e0                . = ALIGN (0x4)
 *fill*         0x00000000200002dd        0x3 
                0x00000000200002e0                _ebss = .
                0x00000000200002e0                __bss_end__ = _ebss

._user_heap_stack
                0x00000000200002e0      0x600 load address 0x0000000008006e1c
                0x00000000200002e0                . = ALIGN (0x8)
                [!provide]                        PROVIDE (end = .)
                0x00000000200002e0                PROVIDE (_end = .)
                0x00000000200004e0                . = (. + _Min_Heap_Size)
 *fill*         0x00000000200002e0      0x200 
                0x00000000200008e0                . = (. + _Min_Stack_Size)
 *fill*         0x00000000200004e0      0x400 
                0x00000000200008e0                . = ALIGN (0x8)

/DISCARD/
 libc.a(*)
 libm.a(*)
 libgcc.a(*)

.ARM.attributes
                0x0000000000000000       0x30
 *(.ARM.attributes)
 .ARM.attributes
                0x0000000000000000       0x1e c:/st/stm32cubeide_1.9.0/stm32cubeide/plugins/com.st.stm32cube.ide.mcu.externaltools.gnu-tools-for-stm32.10.3-2021.10.win32_1.0.0.202111181127/tools/bin/../lib/gcc/arm-none-eabi/10.3.1/thumb/v7e-m+fp/hard/crti.o
 .ARM.attributes
                0x000000000000001e       0x34 c:/st/stm32cubeide_1.9.0/stm32cubeide/plugins/com.st.stm32cube.ide.mcu.externaltools.gnu-tools-for-stm32.10.3-2021.10.win32_1.0.0.202111181127/tools/bin/../lib/gcc/arm-none-eabi/10.3.1/thumb/v7e-m+fp/hard/crtbegin.o
 .ARM.attributes
                0x0000000000000052       0x34 ./Core/Src/bmp180.o
 .ARM.attributes
                0x0000000000000086       0x34 ./Core/Src/main.o
 .ARM.attributes
                0x00000000000000ba       0x34 ./Core/Src/nextion.o
 .ARM.attributes
                0x00000000000000ee       0x34 ./Core/Src/stm32f4xx_hal_msp.o
 .ARM.attributes
                0x0000000000000122       0x34 ./Core/Src/stm32f4xx_it.o
 .ARM.attributes
                0x0000000000000156       0x34 ./Core/Src/sysmem.o
 .ARM.attributes
                0x000000000000018a       0x34 ./Core/Src/system_stm32f4xx.o
 .ARM.attributes
                0x00000000000001be       0x21 ./Core/Startup/startup_stm32f411vetx.o
 .ARM.attributes
                0x00000000000001df       0x34 ./Drivers/STM32F4xx_HAL_Driver/Src/stm32f4xx_hal.o
 .ARM.attributes
                0x0000000000000213       0x34 ./Drivers/STM32F4xx_HAL_Driver/Src/stm32f4xx_hal_adc.o
 .ARM.attributes
                0x0000000000000247       0x34 ./Drivers/STM32F4xx_HAL_Driver/Src/stm32f4xx_hal_cortex.o
 .ARM.attributes
                0x000000000000027b       0x34 ./Drivers/STM32F4xx_HAL_Driver/Src/stm32f4xx_hal_gpio.o
 .ARM.attributes
                0x00000000000002af       0x34 ./Drivers/STM32F4xx_HAL_Driver/Src/stm32f4xx_hal_i2c.o
 .ARM.attributes
                0x00000000000002e3       0x34 ./Drivers/STM32F4xx_HAL_Driver/Src/stm32f4xx_hal_rcc.o
 .ARM.attributes
                0x0000000000000317       0x34 ./Drivers/STM32F4xx_HAL_Driver/Src/stm32f4xx_hal_uart.o
 .ARM.attributes
                0x000000000000034b       0x34 c:/st/stm32cubeide_1.9.0/stm32cubeide/plugins/com.st.stm32cube.ide.mcu.externaltools.gnu-tools-for-stm32.10.3-2021.10.win32_1.0.0.202111181127/tools/bin/../lib/gcc/arm-none-eabi/10.3.1/../../../../arm-none-eabi/lib/thumb/v7e-m+fp/hard\libc_nano.a(lib_a-errno.o)
 .ARM.attributes
                0x000000000000037f       0x34 c:/st/stm32cubeide_1.9.0/stm32cubeide/plugins/com.st.stm32cube.ide.mcu.externaltools.gnu-tools-for-stm32.10.3-2021.10.win32_1.0.0.202111181127/tools/bin/../lib/gcc/arm-none-eabi/10.3.1/../../../../arm-none-eabi/lib/thumb/v7e-m+fp/hard\libc_nano.a(lib_a-impure.o)
 .ARM.attributes
                0x00000000000003b3       0x34 c:/st/stm32cubeide_1.9.0/stm32cubeide/plugins/com.st.stm32cube.ide.mcu.externaltools.gnu-tools-for-stm32.10.3-2021.10.win32_1.0.0.202111181127/tools/bin/../lib/gcc/arm-none-eabi/10.3.1/../../../../arm-none-eabi/lib/thumb/v7e-m+fp/hard\libc_nano.a(lib_a-init.o)
 .ARM.attributes
                0x00000000000003e7       0x34 c:/st/stm32cubeide_1.9.0/stm32cubeide/plugins/com.st.stm32cube.ide.mcu.externaltools.gnu-tools-for-stm32.10.3-2021.10.win32_1.0.0.202111181127/tools/bin/../lib/gcc/arm-none-eabi/10.3.1/../../../../arm-none-eabi/lib/thumb/v7e-m+fp/hard\libc_nano.a(lib_a-memset.o)
 .ARM.attributes
                0x000000000000041b       0x34 c:/st/stm32cubeide_1.9.0/stm32cubeide/plugins/com.st.stm32cube.ide.mcu.externaltools.gnu-tools-for-stm32.10.3-2021.10.win32_1.0.0.202111181127/tools/bin/../lib/gcc/arm-none-eabi/10.3.1/../../../../arm-none-eabi/lib/thumb/v7e-m+fp/hard\libc_nano.a(lib_a-sprintf.o)
 .ARM.attributes
                0x000000000000044f       0x34 c:/st/stm32cubeide_1.9.0/stm32cubeide/plugins/com.st.stm32cube.ide.mcu.externaltools.gnu-tools-for-stm32.10.3-2021.10.win32_1.0.0.202111181127/tools/bin/../lib/gcc/arm-none-eabi/10.3.1/../../../../arm-none-eabi/lib/thumb/v7e-m+fp/hard\libc_nano.a(lib_a-nano-svfprintf.o)
 .ARM.attributes
                0x0000000000000483       0x34 c:/st/stm32cubeide_1.9.0/stm32cubeide/plugins/com.st.stm32cube.ide.mcu.externaltools.gnu-tools-for-stm32.10.3-2021.10.win32_1.0.0.202111181127/tools/bin/../lib/gcc/arm-none-eabi/10.3.1/../../../../arm-none-eabi/lib/thumb/v7e-m+fp/hard\libc_nano.a(lib_a-nano-vfprintf_i.o)
 .ARM.attributes
                0x00000000000004b7       0x1c c:/st/stm32cubeide_1.9.0/stm32cubeide/plugins/com.st.stm32cube.ide.mcu.externaltools.gnu-tools-for-stm32.10.3-2021.10.win32_1.0.0.202111181127/tools/bin/../lib/gcc/arm-none-eabi/10.3.1/../../../../arm-none-eabi/lib/thumb/v7e-m+fp/hard\libc_nano.a(lib_a-memchr.o)
 .ARM.attributes
                0x00000000000004d3       0x34 c:/st/stm32cubeide_1.9.0/stm32cubeide/plugins/com.st.stm32cube.ide.mcu.externaltools.gnu-tools-for-stm32.10.3-2021.10.win32_1.0.0.202111181127/tools/bin/../lib/gcc/arm-none-eabi/10.3.1/../../../../arm-none-eabi/lib/thumb/v7e-m+fp/hard\libc_nano.a(lib_a-memcpy-stub.o)
 .ARM.attributes
                0x0000000000000507       0x34 c:/st/stm32cubeide_1.9.0/stm32cubeide/plugins/com.st.stm32cube.ide.mcu.externaltools.gnu-tools-for-stm32.10.3-2021.10.win32_1.0.0.202111181127/tools/bin/../lib/gcc/arm-none-eabi/10.3.1/../../../../arm-none-eabi/lib/thumb/v7e-m+fp/hard\libc_nano.a(lib_a-memmove.o)
 .ARM.attributes
                0x000000000000053b       0x34 c:/st/stm32cubeide_1.9.0/stm32cubeide/plugins/com.st.stm32cube.ide.mcu.externaltools.gnu-tools-for-stm32.10.3-2021.10.win32_1.0.0.202111181127/tools/bin/../lib/gcc/arm-none-eabi/10.3.1/../../../../arm-none-eabi/lib/thumb/v7e-m+fp/hard\libc_nano.a(lib_a-nano-freer.o)
 .ARM.attributes
                0x000000000000056f       0x34 c:/st/stm32cubeide_1.9.0/stm32cubeide/plugins/com.st.stm32cube.ide.mcu.externaltools.gnu-tools-for-stm32.10.3-2021.10.win32_1.0.0.202111181127/tools/bin/../lib/gcc/arm-none-eabi/10.3.1/../../../../arm-none-eabi/lib/thumb/v7e-m+fp/hard\libc_nano.a(lib_a-nano-mallocr.o)
 .ARM.attributes
                0x00000000000005a3       0x34 c:/st/stm32cubeide_1.9.0/stm32cubeide/plugins/com.st.stm32cube.ide.mcu.externaltools.gnu-tools-for-stm32.10.3-2021.10.win32_1.0.0.202111181127/tools/bin/../lib/gcc/arm-none-eabi/10.3.1/../../../../arm-none-eabi/lib/thumb/v7e-m+fp/hard\libc_nano.a(lib_a-nano-reallocr.o)
 .ARM.attributes
                0x00000000000005d7       0x34 c:/st/stm32cubeide_1.9.0/stm32cubeide/plugins/com.st.stm32cube.ide.mcu.externaltools.gnu-tools-for-stm32.10.3-2021.10.win32_1.0.0.202111181127/tools/bin/../lib/gcc/arm-none-eabi/10.3.1/../../../../arm-none-eabi/lib/thumb/v7e-m+fp/hard\libc_nano.a(lib_a-sbrkr.o)
 .ARM.attributes
                0x000000000000060b       0x34 c:/st/stm32cubeide_1.9.0/stm32cubeide/plugins/com.st.stm32cube.ide.mcu.externaltools.gnu-tools-for-stm32.10.3-2021.10.win32_1.0.0.202111181127/tools/bin/../lib/gcc/arm-none-eabi/10.3.1/../../../../arm-none-eabi/lib/thumb/v7e-m+fp/hard\libc_nano.a(lib_a-mlock.o)
 .ARM.attributes
                0x000000000000063f       0x34 c:/st/stm32cubeide_1.9.0/stm32cubeide/plugins/com.st.stm32cube.ide.mcu.externaltools.gnu-tools-for-stm32.10.3-2021.10.win32_1.0.0.202111181127/tools/bin/../lib/gcc/arm-none-eabi/10.3.1/../../../../arm-none-eabi/lib/thumb/v7e-m+fp/hard\libc_nano.a(lib_a-nano-msizer.o)
 .ARM.attributes
                0x0000000000000673       0x34 c:/st/stm32cubeide_1.9.0/stm32cubeide/plugins/com.st.stm32cube.ide.mcu.externaltools.gnu-tools-for-stm32.10.3-2021.10.win32_1.0.0.202111181127/tools/bin/../lib/gcc/arm-none-eabi/10.3.1/../../../../arm-none-eabi/lib/thumb/v7e-m+fp/hard\libc_nano.a(lib_a-reent.o)
 .ARM.attributes
                0x00000000000006a7       0x34 c:/st/stm32cubeide_1.9.0/stm32cubeide/plugins/com.st.stm32cube.ide.mcu.externaltools.gnu-tools-for-stm32.10.3-2021.10.win32_1.0.0.202111181127/tools/bin/../lib/gcc/arm-none-eabi/10.3.1/../../../../arm-none-eabi/lib/thumb/v7e-m+fp/hard\libc_nano.a(lib_a-lock.o)
 .ARM.attributes
                0x00000000000006db       0x34 c:/st/stm32cubeide_1.9.0/stm32cubeide/plugins/com.st.stm32cube.ide.mcu.externaltools.gnu-tools-for-stm32.10.3-2021.10.win32_1.0.0.202111181127/tools/bin/../lib/gcc/arm-none-eabi/10.3.1/../../../../arm-none-eabi/lib/thumb/v7e-m+fp/hard\libm.a(lib_a-w_pow.o)
 .ARM.attributes
                0x000000000000070f       0x34 c:/st/stm32cubeide_1.9.0/stm32cubeide/plugins/com.st.stm32cube.ide.mcu.externaltools.gnu-tools-for-stm32.10.3-2021.10.win32_1.0.0.202111181127/tools/bin/../lib/gcc/arm-none-eabi/10.3.1/../../../../arm-none-eabi/lib/thumb/v7e-m+fp/hard\libm.a(lib_a-e_pow.o)
 .ARM.attributes
                0x0000000000000743       0x34 c:/st/stm32cubeide_1.9.0/stm32cubeide/plugins/com.st.stm32cube.ide.mcu.externaltools.gnu-tools-for-stm32.10.3-2021.10.win32_1.0.0.202111181127/tools/bin/../lib/gcc/arm-none-eabi/10.3.1/../../../../arm-none-eabi/lib/thumb/v7e-m+fp/hard\libm.a(lib_a-e_sqrt.o)
 .ARM.attributes
                0x0000000000000777       0x34 c:/st/stm32cubeide_1.9.0/stm32cubeide/plugins/com.st.stm32cube.ide.mcu.externaltools.gnu-tools-for-stm32.10.3-2021.10.win32_1.0.0.202111181127/tools/bin/../lib/gcc/arm-none-eabi/10.3.1/../../../../arm-none-eabi/lib/thumb/v7e-m+fp/hard\libm.a(lib_a-math_err.o)
 .ARM.attributes
                0x00000000000007ab       0x34 c:/st/stm32cubeide_1.9.0/stm32cubeide/plugins/com.st.stm32cube.ide.mcu.externaltools.gnu-tools-for-stm32.10.3-2021.10.win32_1.0.0.202111181127/tools/bin/../lib/gcc/arm-none-eabi/10.3.1/../../../../arm-none-eabi/lib/thumb/v7e-m+fp/hard\libm.a(lib_a-s_fabs.o)
 .ARM.attributes
                0x00000000000007df       0x34 c:/st/stm32cubeide_1.9.0/stm32cubeide/plugins/com.st.stm32cube.ide.mcu.externaltools.gnu-tools-for-stm32.10.3-2021.10.win32_1.0.0.202111181127/tools/bin/../lib/gcc/arm-none-eabi/10.3.1/../../../../arm-none-eabi/lib/thumb/v7e-m+fp/hard\libm.a(lib_a-s_finite.o)
 .ARM.attributes
                0x0000000000000813       0x34 c:/st/stm32cubeide_1.9.0/stm32cubeide/plugins/com.st.stm32cube.ide.mcu.externaltools.gnu-tools-for-stm32.10.3-2021.10.win32_1.0.0.202111181127/tools/bin/../lib/gcc/arm-none-eabi/10.3.1/../../../../arm-none-eabi/lib/thumb/v7e-m+fp/hard\libm.a(lib_a-s_scalbn.o)
 .ARM.attributes
                0x0000000000000847       0x1e c:/st/stm32cubeide_1.9.0/stm32cubeide/plugins/com.st.stm32cube.ide.mcu.externaltools.gnu-tools-for-stm32.10.3-2021.10.win32_1.0.0.202111181127/tools/bin/../lib/gcc/arm-none-eabi/10.3.1/thumb/v7e-m+fp/hard\libgcc.a(_arm_addsubdf3.o)
 .ARM.attributes
                0x0000000000000865       0x1e c:/st/stm32cubeide_1.9.0/stm32cubeide/plugins/com.st.stm32cube.ide.mcu.externaltools.gnu-tools-for-stm32.10.3-2021.10.win32_1.0.0.202111181127/tools/bin/../lib/gcc/arm-none-eabi/10.3.1/thumb/v7e-m+fp/hard\libgcc.a(_arm_muldivdf3.o)
 .ARM.attributes
                0x0000000000000883       0x1e c:/st/stm32cubeide_1.9.0/stm32cubeide/plugins/com.st.stm32cube.ide.mcu.externaltools.gnu-tools-for-stm32.10.3-2021.10.win32_1.0.0.202111181127/tools/bin/../lib/gcc/arm-none-eabi/10.3.1/thumb/v7e-m+fp/hard\libgcc.a(_arm_cmpdf2.o)
 .ARM.attributes
                0x00000000000008a1       0x1e c:/st/stm32cubeide_1.9.0/stm32cubeide/plugins/com.st.stm32cube.ide.mcu.externaltools.gnu-tools-for-stm32.10.3-2021.10.win32_1.0.0.202111181127/tools/bin/../lib/gcc/arm-none-eabi/10.3.1/thumb/v7e-m+fp/hard\libgcc.a(_arm_unorddf2.o)
 .ARM.attributes
                0x00000000000008bf       0x1e c:/st/stm32cubeide_1.9.0/stm32cubeide/plugins/com.st.stm32cube.ide.mcu.externaltools.gnu-tools-for-stm32.10.3-2021.10.win32_1.0.0.202111181127/tools/bin/../lib/gcc/arm-none-eabi/10.3.1/thumb/v7e-m+fp/hard\libgcc.a(_arm_fixdfsi.o)
 .ARM.attributes
                0x00000000000008dd       0x1e c:/st/stm32cubeide_1.9.0/stm32cubeide/plugins/com.st.stm32cube.ide.mcu.externaltools.gnu-tools-for-stm32.10.3-2021.10.win32_1.0.0.202111181127/tools/bin/../lib/gcc/arm-none-eabi/10.3.1/thumb/v7e-m+fp/hard\libgcc.a(_arm_fixunsdfsi.o)
 .ARM.attributes
                0x00000000000008fb       0x1e c:/st/stm32cubeide_1.9.0/stm32cubeide/plugins/com.st.stm32cube.ide.mcu.externaltools.gnu-tools-for-stm32.10.3-2021.10.win32_1.0.0.202111181127/tools/bin/../lib/gcc/arm-none-eabi/10.3.1/thumb/v7e-m+fp/hard\libgcc.a(_arm_truncdfsf2.o)
 .ARM.attributes
                0x0000000000000919       0x1e c:/st/stm32cubeide_1.9.0/stm32cubeide/plugins/com.st.stm32cube.ide.mcu.externaltools.gnu-tools-for-stm32.10.3-2021.10.win32_1.0.0.202111181127/tools/bin/../lib/gcc/arm-none-eabi/10.3.1/thumb/v7e-m+fp/hard\libgcc.a(_aeabi_uldivmod.o)
 .ARM.attributes
                0x0000000000000937       0x34 c:/st/stm32cubeide_1.9.0/stm32cubeide/plugins/com.st.stm32cube.ide.mcu.externaltools.gnu-tools-for-stm32.10.3-2021.10.win32_1.0.0.202111181127/tools/bin/../lib/gcc/arm-none-eabi/10.3.1/thumb/v7e-m+fp/hard\libgcc.a(_udivmoddi4.o)
 .ARM.attributes
                0x000000000000096b       0x1e c:/st/stm32cubeide_1.9.0/stm32cubeide/plugins/com.st.stm32cube.ide.mcu.externaltools.gnu-tools-for-stm32.10.3-2021.10.win32_1.0.0.202111181127/tools/bin/../lib/gcc/arm-none-eabi/10.3.1/thumb/v7e-m+fp/hard\libgcc.a(_dvmd_tls.o)
 .ARM.attributes
                0x0000000000000989       0x1e c:/st/stm32cubeide_1.9.0/stm32cubeide/plugins/com.st.stm32cube.ide.mcu.externaltools.gnu-tools-for-stm32.10.3-2021.10.win32_1.0.0.202111181127/tools/bin/../lib/gcc/arm-none-eabi/10.3.1/thumb/v7e-m+fp/hard/crtn.o
OUTPUT(pot-stm32.elf elf32-littlearm)
LOAD linker stubs
LOAD c:/st/stm32cubeide_1.9.0/stm32cubeide/plugins/com.st.stm32cube.ide.mcu.externaltools.gnu-tools-for-stm32.10.3-2021.10.win32_1.0.0.202111181127/tools/bin/../lib/gcc/arm-none-eabi/10.3.1/../../../../arm-none-eabi/lib/thumb/v7e-m+fp/hard\libc.a
LOAD c:/st/stm32cubeide_1.9.0/stm32cubeide/plugins/com.st.stm32cube.ide.mcu.externaltools.gnu-tools-for-stm32.10.3-2021.10.win32_1.0.0.202111181127/tools/bin/../lib/gcc/arm-none-eabi/10.3.1/../../../../arm-none-eabi/lib/thumb/v7e-m+fp/hard\libm.a
LOAD c:/st/stm32cubeide_1.9.0/stm32cubeide/plugins/com.st.stm32cube.ide.mcu.externaltools.gnu-tools-for-stm32.10.3-2021.10.win32_1.0.0.202111181127/tools/bin/../lib/gcc/arm-none-eabi/10.3.1/thumb/v7e-m+fp/hard\libgcc.a

.debug_info     0x0000000000000000     0xd4af
 .debug_info    0x0000000000000000      0xd36 ./Core/Src/bmp180.o
 .debug_info    0x0000000000000d36     0x1743 ./Core/Src/main.o
 .debug_info    0x0000000000002479      0xb2d ./Core/Src/nextion.o
 .debug_info    0x0000000000002fa6     0x1028 ./Core/Src/stm32f4xx_hal_msp.o
 .debug_info    0x0000000000003fce      0x121 ./Core/Src/stm32f4xx_it.o
 .debug_info    0x00000000000040ef      0x171 ./Core/Src/sysmem.o
 .debug_info    0x0000000000004260      0x54f ./Core/Src/system_stm32f4xx.o
 .debug_info    0x00000000000047af       0x22 ./Core/Startup/startup_stm32f411vetx.o
 .debug_info    0x00000000000047d1      0x90d ./Drivers/STM32F4xx_HAL_Driver/Src/stm32f4xx_hal.o
 .debug_info    0x00000000000050de      0xd68 ./Drivers/STM32F4xx_HAL_Driver/Src/stm32f4xx_hal_adc.o
 .debug_info    0x0000000000005e46      0xd8b ./Drivers/STM32F4xx_HAL_Driver/Src/stm32f4xx_hal_cortex.o
 .debug_info    0x0000000000006bd1      0x78e ./Drivers/STM32F4xx_HAL_Driver/Src/stm32f4xx_hal_gpio.o
 .debug_info    0x000000000000735f     0x260f ./Drivers/STM32F4xx_HAL_Driver/Src/stm32f4xx_hal_i2c.o
 .debug_info    0x000000000000996e      0x98d ./Drivers/STM32F4xx_HAL_Driver/Src/stm32f4xx_hal_rcc.o
 .debug_info    0x000000000000a2fb     0x31b4 ./Drivers/STM32F4xx_HAL_Driver/Src/stm32f4xx_hal_uart.o

.debug_abbrev   0x0000000000000000     0x1c8f
 .debug_abbrev  0x0000000000000000      0x240 ./Core/Src/bmp180.o
 .debug_abbrev  0x0000000000000240      0x2cc ./Core/Src/main.o
 .debug_abbrev  0x000000000000050c      0x1dc ./Core/Src/nextion.o
 .debug_abbrev  0x00000000000006e8      0x1dd ./Core/Src/stm32f4xx_hal_msp.o
 .debug_abbrev  0x00000000000008c5       0x74 ./Core/Src/stm32f4xx_it.o
 .debug_abbrev  0x0000000000000939       0xbb ./Core/Src/sysmem.o
 .debug_abbrev  0x00000000000009f4      0x116 ./Core/Src/system_stm32f4xx.o
 .debug_abbrev  0x0000000000000b0a       0x12 ./Core/Startup/startup_stm32f411vetx.o
 .debug_abbrev  0x0000000000000b1c      0x23e ./Drivers/STM32F4xx_HAL_Driver/Src/stm32f4xx_hal.o
 .debug_abbrev  0x0000000000000d5a      0x204 ./Drivers/STM32F4xx_HAL_Driver/Src/stm32f4xx_hal_adc.o
 .debug_abbrev  0x0000000000000f5e      0x316 ./Drivers/STM32F4xx_HAL_Driver/Src/stm32f4xx_hal_cortex.o
 .debug_abbrev  0x0000000000001274      0x1c4 ./Drivers/STM32F4xx_HAL_Driver/Src/stm32f4xx_hal_gpio.o
 .debug_abbrev  0x0000000000001438      0x2a8 ./Drivers/STM32F4xx_HAL_Driver/Src/stm32f4xx_hal_i2c.o
 .debug_abbrev  0x00000000000016e0      0x2aa ./Drivers/STM32F4xx_HAL_Driver/Src/stm32f4xx_hal_rcc.o
 .debug_abbrev  0x000000000000198a      0x305 ./Drivers/STM32F4xx_HAL_Driver/Src/stm32f4xx_hal_uart.o

.debug_aranges  0x0000000000000000      0xae8
 .debug_aranges
                0x0000000000000000       0x70 ./Core/Src/bmp180.o
 .debug_aranges
                0x0000000000000070       0x58 ./Core/Src/main.o
 .debug_aranges
                0x00000000000000c8       0x90 ./Core/Src/nextion.o
 .debug_aranges
                0x0000000000000158       0x50 ./Core/Src/stm32f4xx_hal_msp.o
 .debug_aranges
                0x00000000000001a8       0x60 ./Core/Src/stm32f4xx_it.o
 .debug_aranges
                0x0000000000000208       0x20 ./Core/Src/sysmem.o
 .debug_aranges
                0x0000000000000228       0x28 ./Core/Src/system_stm32f4xx.o
 .debug_aranges
                0x0000000000000250       0x28 ./Core/Startup/startup_stm32f411vetx.o
 .debug_aranges
                0x0000000000000278       0xf0 ./Drivers/STM32F4xx_HAL_Driver/Src/stm32f4xx_hal.o
 .debug_aranges
                0x0000000000000368       0xe8 ./Drivers/STM32F4xx_HAL_Driver/Src/stm32f4xx_hal_adc.o
 .debug_aranges
                0x0000000000000450      0x118 ./Drivers/STM32F4xx_HAL_Driver/Src/stm32f4xx_hal_cortex.o
 .debug_aranges
                0x0000000000000568       0x58 ./Drivers/STM32F4xx_HAL_Driver/Src/stm32f4xx_hal_gpio.o
 .debug_aranges
                0x00000000000005c0      0x2a0 ./Drivers/STM32F4xx_HAL_Driver/Src/stm32f4xx_hal_i2c.o
 .debug_aranges
                0x0000000000000860       0x88 ./Drivers/STM32F4xx_HAL_Driver/Src/stm32f4xx_hal_rcc.o
 .debug_aranges
                0x00000000000008e8      0x200 ./Drivers/STM32F4xx_HAL_Driver/Src/stm32f4xx_hal_uart.o

.debug_ranges   0x0000000000000000      0xa48
 .debug_ranges  0x0000000000000000       0x60 ./Core/Src/bmp180.o
 .debug_ranges  0x0000000000000060       0x48 ./Core/Src/main.o
 .debug_ranges  0x00000000000000a8       0x80 ./Core/Src/nextion.o
 .debug_ranges  0x0000000000000128       0x40 ./Core/Src/stm32f4xx_hal_msp.o
 .debug_ranges  0x0000000000000168       0x50 ./Core/Src/stm32f4xx_it.o
 .debug_ranges  0x00000000000001b8       0x10 ./Core/Src/sysmem.o
 .debug_ranges  0x00000000000001c8       0x18 ./Core/Src/system_stm32f4xx.o
 .debug_ranges  0x00000000000001e0       0x20 ./Core/Startup/startup_stm32f411vetx.o
 .debug_ranges  0x0000000000000200       0xe0 ./Drivers/STM32F4xx_HAL_Driver/Src/stm32f4xx_hal.o
 .debug_ranges  0x00000000000002e0       0xd8 ./Drivers/STM32F4xx_HAL_Driver/Src/stm32f4xx_hal_adc.o
 .debug_ranges  0x00000000000003b8      0x108 ./Drivers/STM32F4xx_HAL_Driver/Src/stm32f4xx_hal_cortex.o
 .debug_ranges  0x00000000000004c0       0x48 ./Drivers/STM32F4xx_HAL_Driver/Src/stm32f4xx_hal_gpio.o
 .debug_ranges  0x0000000000000508      0x2a8 ./Drivers/STM32F4xx_HAL_Driver/Src/stm32f4xx_hal_i2c.o
 .debug_ranges  0x00000000000007b0       0x78 ./Drivers/STM32F4xx_HAL_Driver/Src/stm32f4xx_hal_rcc.o
 .debug_ranges  0x0000000000000828      0x220 ./Drivers/STM32F4xx_HAL_Driver/Src/stm32f4xx_hal_uart.o

.debug_macro    0x0000000000000000    0x17ae8
 .debug_macro   0x0000000000000000      0x2b2 ./Core/Src/bmp180.o
 .debug_macro   0x00000000000002b2      0xa78 ./Core/Src/bmp180.o
 .debug_macro   0x0000000000000d2a      0x2a1 ./Core/Src/bmp180.o
 .debug_macro   0x0000000000000fcb       0x2e ./Core/Src/bmp180.o
 .debug_macro   0x0000000000000ff9       0x28 ./Core/Src/bmp180.o
 .debug_macro   0x0000000000001021       0x22 ./Core/Src/bmp180.o
 .debug_macro   0x0000000000001043       0x8e ./Core/Src/bmp180.o
 .debug_macro   0x00000000000010d1       0x51 ./Core/Src/bmp180.o
 .debug_macro   0x0000000000001122      0x103 ./Core/Src/bmp180.o
 .debug_macro   0x0000000000001225       0x6a ./Core/Src/bmp180.o
 .debug_macro   0x000000000000128f      0x1df ./Core/Src/bmp180.o
 .debug_macro   0x000000000000146e       0x1c ./Core/Src/bmp180.o
 .debug_macro   0x000000000000148a       0x22 ./Core/Src/bmp180.o
 .debug_macro   0x00000000000014ac       0xd9 ./Core/Src/bmp180.o
 .debug_macro   0x0000000000001585     0x102d ./Core/Src/bmp180.o
 .debug_macro   0x00000000000025b2      0x11f ./Core/Src/bmp180.o
 .debug_macro   0x00000000000026d1     0xb953 ./Core/Src/bmp180.o
 .debug_macro   0x000000000000e024       0x6d ./Core/Src/bmp180.o
 .debug_macro   0x000000000000e091     0x367e ./Core/Src/bmp180.o
 .debug_macro   0x000000000001170f      0x174 ./Core/Src/bmp180.o
 .debug_macro   0x0000000000011883       0x5c ./Core/Src/bmp180.o
 .debug_macro   0x00000000000118df      0x447 ./Core/Src/bmp180.o
 .debug_macro   0x0000000000011d26      0x9fe ./Core/Src/bmp180.o
 .debug_macro   0x0000000000012724      0x115 ./Core/Src/bmp180.o
 .debug_macro   0x0000000000012839      0x11b ./Core/Src/bmp180.o
 .debug_macro   0x0000000000012954       0xa5 ./Core/Src/bmp180.o
 .debug_macro   0x00000000000129f9      0x15f ./Core/Src/bmp180.o
 .debug_macro   0x0000000000012b58      0x287 ./Core/Src/bmp180.o
 .debug_macro   0x0000000000012ddf       0x5f ./Core/Src/bmp180.o
 .debug_macro   0x0000000000012e3e      0x236 ./Core/Src/bmp180.o
 .debug_macro   0x0000000000013074      0x9e1 ./Core/Src/bmp180.o
 .debug_macro   0x0000000000013a55      0x38b ./Core/Src/bmp180.o
 .debug_macro   0x0000000000013de0      0x17d ./Core/Src/bmp180.o
 .debug_macro   0x0000000000013f5d       0xf9 ./Core/Src/bmp180.o
 .debug_macro   0x0000000000014056      0x132 ./Core/Src/bmp180.o
 .debug_macro   0x0000000000014188      0x264 ./Core/Src/bmp180.o
 .debug_macro   0x00000000000143ec       0x2e ./Core/Src/bmp180.o
 .debug_macro   0x000000000001441a      0x1b5 ./Core/Src/bmp180.o
 .debug_macro   0x00000000000145cf       0x22 ./Core/Src/bmp180.o
 .debug_macro   0x00000000000145f1       0xd6 ./Core/Src/bmp180.o
 .debug_macro   0x00000000000146c7      0x11a ./Core/Src/bmp180.o
 .debug_macro   0x00000000000147e1       0x85 ./Core/Src/bmp180.o
 .debug_macro   0x0000000000014866       0x89 ./Core/Src/bmp180.o
 .debug_macro   0x00000000000148ef      0x295 ./Core/Src/bmp180.o
 .debug_macro   0x0000000000014b84      0x126 ./Core/Src/bmp180.o
 .debug_macro   0x0000000000014caa       0x52 ./Core/Src/bmp180.o
 .debug_macro   0x0000000000014cfc       0x1e ./Core/Src/bmp180.o
 .debug_macro   0x0000000000014d1a       0x3c ./Core/Src/bmp180.o
 .debug_macro   0x0000000000014d56       0x34 ./Core/Src/bmp180.o
 .debug_macro   0x0000000000014d8a       0x16 ./Core/Src/bmp180.o
 .debug_macro   0x0000000000014da0       0x43 ./Core/Src/bmp180.o
 .debug_macro   0x0000000000014de3       0x34 ./Core/Src/bmp180.o
 .debug_macro   0x0000000000014e17       0x10 ./Core/Src/bmp180.o
 .debug_macro   0x0000000000014e27       0x58 ./Core/Src/bmp180.o
 .debug_macro   0x0000000000014e7f       0x71 ./Core/Src/bmp180.o
 .debug_macro   0x0000000000014ef0       0x1c ./Core/Src/bmp180.o
 .debug_macro   0x0000000000014f0c      0x12a ./Core/Src/bmp180.o
 .debug_macro   0x0000000000015036      0x341 ./Core/Src/bmp180.o
 .debug_macro   0x0000000000015377      0x19b ./Core/Src/bmp180.o
 .debug_macro   0x0000000000015512      0x378 ./Core/Src/main.o
 .debug_macro   0x000000000001588a       0x16 ./Core/Src/main.o
 .debug_macro   0x00000000000158a0       0x35 ./Core/Src/main.o
 .debug_macro   0x00000000000158d5       0x10 ./Core/Src/main.o
 .debug_macro   0x00000000000158e5       0x10 ./Core/Src/main.o
 .debug_macro   0x00000000000158f5       0x1c ./Core/Src/main.o
 .debug_macro   0x0000000000015911       0x52 ./Core/Src/main.o
 .debug_macro   0x0000000000015963       0x22 ./Core/Src/main.o
 .debug_macro   0x0000000000015985       0x10 ./Core/Src/main.o
 .debug_macro   0x0000000000015995       0x52 ./Core/Src/main.o
 .debug_macro   0x00000000000159e7       0xd5 ./Core/Src/main.o
 .debug_macro   0x0000000000015abc       0x1c ./Core/Src/main.o
 .debug_macro   0x0000000000015ad8       0x3d ./Core/Src/main.o
 .debug_macro   0x0000000000015b15       0x16 ./Core/Src/main.o
 .debug_macro   0x0000000000015b2b      0x145 ./Core/Src/main.o
 .debug_macro   0x0000000000015c70      0x35e ./Core/Src/nextion.o
 .debug_macro   0x0000000000015fce       0x4c ./Core/Src/nextion.o
 .debug_macro   0x000000000001601a       0x94 ./Core/Src/nextion.o
 .debug_macro   0x00000000000160ae       0x57 ./Core/Src/nextion.o
 .debug_macro   0x0000000000016105       0x97 ./Core/Src/nextion.o
 .debug_macro   0x000000000001619c       0xfd ./Core/Src/nextion.o
 .debug_macro   0x0000000000016299       0x56 ./Core/Src/nextion.o
 .debug_macro   0x00000000000162ef      0x205 ./Core/Src/stm32f4xx_hal_msp.o
 .debug_macro   0x00000000000164f4      0x20f ./Core/Src/stm32f4xx_it.o
 .debug_macro   0x0000000000016703       0xff ./Core/Src/sysmem.o
 .debug_macro   0x0000000000016802      0x23b ./Core/Src/sysmem.o
 .debug_macro   0x0000000000016a3d      0x1fb ./Core/Src/system_stm32f4xx.o
 .debug_macro   0x0000000000016c38      0x25b ./Drivers/STM32F4xx_HAL_Driver/Src/stm32f4xx_hal.o
 .debug_macro   0x0000000000016e93      0x1fc ./Drivers/STM32F4xx_HAL_Driver/Src/stm32f4xx_hal_adc.o
 .debug_macro   0x000000000001708f      0x1fb ./Drivers/STM32F4xx_HAL_Driver/Src/stm32f4xx_hal_cortex.o
 .debug_macro   0x000000000001728a      0x201 ./Drivers/STM32F4xx_HAL_Driver/Src/stm32f4xx_hal_gpio.o
 .debug_macro   0x000000000001748b      0x242 ./Drivers/STM32F4xx_HAL_Driver/Src/stm32f4xx_hal_i2c.o
 .debug_macro   0x00000000000176cd      0x21f ./Drivers/STM32F4xx_HAL_Driver/Src/stm32f4xx_hal_rcc.o
 .debug_macro   0x00000000000178ec      0x1fc ./Drivers/STM32F4xx_HAL_Driver/Src/stm32f4xx_hal_uart.o

.debug_line     0x0000000000000000     0xe367
 .debug_line    0x0000000000000000      0xbf6 ./Core/Src/bmp180.o
 .debug_line    0x0000000000000bf6      0xb88 ./Core/Src/main.o
 .debug_line    0x000000000000177e      0xa71 ./Core/Src/nextion.o
 .debug_line    0x00000000000021ef      0x813 ./Core/Src/stm32f4xx_hal_msp.o
 .debug_line    0x0000000000002a02      0x7c1 ./Core/Src/stm32f4xx_it.o
 .debug_line    0x00000000000031c3      0x4e5 ./Core/Src/sysmem.o
 .debug_line    0x00000000000036a8      0x780 ./Core/Src/system_stm32f4xx.o
 .debug_line    0x0000000000003e28       0x88 ./Core/Startup/startup_stm32f411vetx.o
 .debug_line    0x0000000000003eb0      0x9e6 ./Drivers/STM32F4xx_HAL_Driver/Src/stm32f4xx_hal.o
 .debug_line    0x0000000000004896     0x1196 ./Drivers/STM32F4xx_HAL_Driver/Src/stm32f4xx_hal_adc.o
 .debug_line    0x0000000000005a2c      0xc95 ./Drivers/STM32F4xx_HAL_Driver/Src/stm32f4xx_hal_cortex.o
 .debug_line    0x00000000000066c1      0xb1e ./Drivers/STM32F4xx_HAL_Driver/Src/stm32f4xx_hal_gpio.o
 .debug_line    0x00000000000071df     0x399b ./Drivers/STM32F4xx_HAL_Driver/Src/stm32f4xx_hal_i2c.o
 .debug_line    0x000000000000ab7a      0xd62 ./Drivers/STM32F4xx_HAL_Driver/Src/stm32f4xx_hal_rcc.o
 .debug_line    0x000000000000b8dc     0x2a8b ./Drivers/STM32F4xx_HAL_Driver/Src/stm32f4xx_hal_uart.o

.debug_str      0x0000000000000000    0x94a17
 .debug_str     0x0000000000000000    0x90544 ./Core/Src/bmp180.o
                                      0x90853 (size before relaxing)
 .debug_str     0x0000000000090544     0x1941 ./Core/Src/main.o
                                      0x917c6 (size before relaxing)
 .debug_str     0x0000000000091e85       0x91 ./Core/Src/nextion.o
                                      0x90e22 (size before relaxing)
 .debug_str     0x0000000000091f16      0x10f ./Core/Src/stm32f4xx_hal_msp.o
                                      0x8d54a (size before relaxing)
 .debug_str     0x0000000000092025       0xc9 ./Core/Src/stm32f4xx_it.o
                                      0x8cb60 (size before relaxing)
 .debug_str     0x00000000000920ee      0x4da ./Core/Src/sysmem.o
                                       0x5db1 (size before relaxing)
 .debug_str     0x00000000000925c8       0xdb ./Core/Src/system_stm32f4xx.o
                                      0x8cc9c (size before relaxing)
 .debug_str     0x00000000000926a3       0x36 ./Core/Startup/startup_stm32f411vetx.o
                                         0x73 (size before relaxing)
 .debug_str     0x00000000000926d9      0x99b ./Drivers/STM32F4xx_HAL_Driver/Src/stm32f4xx_hal.o
                                      0x8d6c8 (size before relaxing)
 .debug_str     0x0000000000093074      0x28a ./Drivers/STM32F4xx_HAL_Driver/Src/stm32f4xx_hal_adc.o
                                      0x8d277 (size before relaxing)
 .debug_str     0x00000000000932fe      0x34d ./Drivers/STM32F4xx_HAL_Driver/Src/stm32f4xx_hal_cortex.o
                                      0x8d3e9 (size before relaxing)
 .debug_str     0x000000000009364b      0x121 ./Drivers/STM32F4xx_HAL_Driver/Src/stm32f4xx_hal_gpio.o
                                      0x8ce17 (size before relaxing)
 .debug_str     0x000000000009376c      0xab6 ./Drivers/STM32F4xx_HAL_Driver/Src/stm32f4xx_hal_i2c.o
                                      0x8dc5a (size before relaxing)
 .debug_str     0x0000000000094222      0x213 ./Drivers/STM32F4xx_HAL_Driver/Src/stm32f4xx_hal_rcc.o
                                      0x8d0d0 (size before relaxing)
 .debug_str     0x0000000000094435      0x5e2 ./Drivers/STM32F4xx_HAL_Driver/Src/stm32f4xx_hal_uart.o
                                      0x8d65d (size before relaxing)

.comment        0x0000000000000000       0x50
 .comment       0x0000000000000000       0x50 ./Core/Src/bmp180.o
                                         0x51 (size before relaxing)
 .comment       0x0000000000000050       0x51 ./Core/Src/main.o
 .comment       0x0000000000000050       0x51 ./Core/Src/nextion.o
 .comment       0x0000000000000050       0x51 ./Core/Src/stm32f4xx_hal_msp.o
 .comment       0x0000000000000050       0x51 ./Core/Src/stm32f4xx_it.o
 .comment       0x0000000000000050       0x51 ./Core/Src/sysmem.o
 .comment       0x0000000000000050       0x51 ./Core/Src/system_stm32f4xx.o
 .comment       0x0000000000000050       0x51 ./Drivers/STM32F4xx_HAL_Driver/Src/stm32f4xx_hal.o
 .comment       0x0000000000000050       0x51 ./Drivers/STM32F4xx_HAL_Driver/Src/stm32f4xx_hal_adc.o
 .comment       0x0000000000000050       0x51 ./Drivers/STM32F4xx_HAL_Driver/Src/stm32f4xx_hal_cortex.o
 .comment       0x0000000000000050       0x51 ./Drivers/STM32F4xx_HAL_Driver/Src/stm32f4xx_hal_gpio.o
 .comment       0x0000000000000050       0x51 ./Drivers/STM32F4xx_HAL_Driver/Src/stm32f4xx_hal_i2c.o
 .comment       0x0000000000000050       0x51 ./Drivers/STM32F4xx_HAL_Driver/Src/stm32f4xx_hal_rcc.o
 .comment       0x0000000000000050       0x51 ./Drivers/STM32F4xx_HAL_Driver/Src/stm32f4xx_hal_uart.o

.debug_frame    0x0000000000000000     0x3614
 .debug_frame   0x0000000000000000      0x1a8 ./Core/Src/bmp180.o
 .debug_frame   0x00000000000001a8      0x10c ./Core/Src/main.o
 .debug_frame   0x00000000000002b4      0x22c ./Core/Src/nextion.o
 .debug_frame   0x00000000000004e0      0x10c ./Core/Src/stm32f4xx_hal_msp.o
 .debug_frame   0x00000000000005ec      0x104 ./Core/Src/stm32f4xx_it.o
 .debug_frame   0x00000000000006f0       0x34 ./Core/Src/sysmem.o
 .debug_frame   0x0000000000000724       0x58 ./Core/Src/system_stm32f4xx.o
 .debug_frame   0x000000000000077c      0x374 ./Drivers/STM32F4xx_HAL_Driver/Src/stm32f4xx_hal.o
 .debug_frame   0x0000000000000af0      0x3fc ./Drivers/STM32F4xx_HAL_Driver/Src/stm32f4xx_hal_adc.o
 .debug_frame   0x0000000000000eec      0x498 ./Drivers/STM32F4xx_HAL_Driver/Src/stm32f4xx_hal_cortex.o
 .debug_frame   0x0000000000001384      0x14c ./Drivers/STM32F4xx_HAL_Driver/Src/stm32f4xx_hal_gpio.o
 .debug_frame   0x00000000000014d0      0xc5c ./Drivers/STM32F4xx_HAL_Driver/Src/stm32f4xx_hal_i2c.o
 .debug_frame   0x000000000000212c      0x1f4 ./Drivers/STM32F4xx_HAL_Driver/Src/stm32f4xx_hal_rcc.o
 .debug_frame   0x0000000000002320      0x92c ./Drivers/STM32F4xx_HAL_Driver/Src/stm32f4xx_hal_uart.o