../Core/Src/bmp180.c:61:6:BMP180_Test	16	static
../Core/Src/bmp180.c:75:6:BMP180_Callibration	24	static
../Core/Src/bmp180.c:93:6:BMP180_Start	8	static
../Core/Src/bmp180.c:99:10:Uncompensated_Temp	24	static
../Core/Src/bmp180.c:108:10:Uncompensated_Press	32	static
../Core/Src/bmp180.c:137:7:BMP180_Calc_Temp	16	static
../Core/Src/bmp180.c:148:7:BMP180_Calc_Press	24	static
../Core/Src/bmp180.c:182:7:BMP180_Calc_Alt	16	static
../Core/Src/bmp180.c:188:8:BMP180_Kalman_Temp	24	static
../Core/Src/bmp180.c:205:8:BMP180_Kalman_Press	24	static
../Core/Src/bmp180.c:222:8:BMP180_Kalman_Alt	24	static
